Component: ARM Compiler 5.05 update 1 (build 106) Tool: armlink [4d0efa]

==============================================================================

Section Cross References

    startup_stm32f10x_hd.o(RESET) refers to startup_stm32f10x_hd.o(STACK) for __initial_sp
    startup_stm32f10x_hd.o(RESET) refers to startup_stm32f10x_hd.o(.text) for Reset_Handler
    startup_stm32f10x_hd.o(RESET) refers to stm32f10x_it.o(i.NMI_Handler) for NMI_Handler
    startup_stm32f10x_hd.o(RESET) refers to stm32f10x_it.o(i.HardFault_Handler) for HardFault_Handler
    startup_stm32f10x_hd.o(RESET) refers to stm32f10x_it.o(i.MemManage_Handler) for MemManage_Handler
    startup_stm32f10x_hd.o(RESET) refers to stm32f10x_it.o(i.BusFault_Handler) for BusFault_Handler
    startup_stm32f10x_hd.o(RESET) refers to stm32f10x_it.o(i.UsageFault_Handler) for UsageFault_Handler
    startup_stm32f10x_hd.o(RESET) refers to stm32f10x_it.o(i.SVC_Handler) for SVC_Handler
    startup_stm32f10x_hd.o(RESET) refers to stm32f10x_it.o(i.DebugMon_Handler) for DebugMon_Handler
    startup_stm32f10x_hd.o(RESET) refers to stm32f10x_it.o(i.PendSV_Handler) for PendSV_Handler
    startup_stm32f10x_hd.o(RESET) refers to stm32f10x_it.o(i.SysTick_Handler) for SysTick_Handler
    startup_stm32f10x_hd.o(RESET) refers to stm32f10x_it.o(i.DMA1_Channel2_IRQHandler) for DMA1_Channel2_IRQHandler
    startup_stm32f10x_hd.o(RESET) refers to stm32f10x_it.o(i.DMA1_Channel4_IRQHandler) for DMA1_Channel4_IRQHandler
    startup_stm32f10x_hd.o(RESET) refers to ultrasonic.o(i.EXTI9_5_IRQHandler) for EXTI9_5_IRQHandler
    startup_stm32f10x_hd.o(RESET) refers to stm32f10x_it.o(i.TIM4_IRQHandler) for TIM4_IRQHandler
    startup_stm32f10x_hd.o(RESET) refers to stm32f10x_it.o(i.USART1_IRQHandler) for USART1_IRQHandler
    startup_stm32f10x_hd.o(RESET) refers to stm32f10x_it.o(i.USART2_IRQHandler) for USART2_IRQHandler
    startup_stm32f10x_hd.o(RESET) refers to stm32f10x_it.o(i.USART3_IRQHandler) for USART3_IRQHandler
    startup_stm32f10x_hd.o(RESET) refers to stm32f10x_it.o(i.UART4_IRQHandler) for UART4_IRQHandler
    startup_stm32f10x_hd.o(RESET) refers to stm32f10x_it.o(i.UART5_IRQHandler) for UART5_IRQHandler
    startup_stm32f10x_hd.o(RESET) refers to stm32f10x_it.o(i.TIM6_IRQHandler) for TIM6_IRQHandler
    startup_stm32f10x_hd.o(RESET) refers to stm32f10x_it.o(i.DMA2_Channel4_5_IRQHandler) for DMA2_Channel4_5_IRQHandler
    startup_stm32f10x_hd.o(.text) refers to system_stm32f10x.o(i.SystemInit) for SystemInit
    startup_stm32f10x_hd.o(.text) refers to entry.o(.ARM.Collect$$$$00000000) for __main
    misc.o(.ARM.exidx) refers to misc.o(i.NVIC_PriorityGroupConfig) for i.NVIC_PriorityGroupConfig
    misc.o(.ARM.exidx) refers to misc.o(i.NVIC_Init) for i.NVIC_Init
    misc.o(.ARM.exidx) refers to misc.o(i.NVIC_SetVectorTable) for i.NVIC_SetVectorTable
    misc.o(.ARM.exidx) refers to misc.o(i.NVIC_SystemLPConfig) for i.NVIC_SystemLPConfig
    misc.o(.ARM.exidx) refers to misc.o(i.SysTick_CLKSourceConfig) for i.SysTick_CLKSourceConfig
    stm32f10x_adc.o(i.ADC_DeInit) refers to stm32f10x_rcc.o(i.RCC_APB2PeriphResetCmd) for RCC_APB2PeriphResetCmd
    stm32f10x_adc.o(.ARM.exidx) refers to stm32f10x_adc.o(i.ADC_DeInit) for i.ADC_DeInit
    stm32f10x_adc.o(.ARM.exidx) refers to stm32f10x_adc.o(i.ADC_Init) for i.ADC_Init
    stm32f10x_adc.o(.ARM.exidx) refers to stm32f10x_adc.o(i.ADC_StructInit) for i.ADC_StructInit
    stm32f10x_adc.o(.ARM.exidx) refers to stm32f10x_adc.o(i.ADC_Cmd) for i.ADC_Cmd
    stm32f10x_adc.o(.ARM.exidx) refers to stm32f10x_adc.o(i.ADC_DMACmd) for i.ADC_DMACmd
    stm32f10x_adc.o(.ARM.exidx) refers to stm32f10x_adc.o(i.ADC_ITConfig) for i.ADC_ITConfig
    stm32f10x_adc.o(.ARM.exidx) refers to stm32f10x_adc.o(i.ADC_ResetCalibration) for i.ADC_ResetCalibration
    stm32f10x_adc.o(.ARM.exidx) refers to stm32f10x_adc.o(i.ADC_GetResetCalibrationStatus) for i.ADC_GetResetCalibrationStatus
    stm32f10x_adc.o(.ARM.exidx) refers to stm32f10x_adc.o(i.ADC_StartCalibration) for i.ADC_StartCalibration
    stm32f10x_adc.o(.ARM.exidx) refers to stm32f10x_adc.o(i.ADC_GetCalibrationStatus) for i.ADC_GetCalibrationStatus
    stm32f10x_adc.o(.ARM.exidx) refers to stm32f10x_adc.o(i.ADC_SoftwareStartConvCmd) for i.ADC_SoftwareStartConvCmd
    stm32f10x_adc.o(.ARM.exidx) refers to stm32f10x_adc.o(i.ADC_GetSoftwareStartConvStatus) for i.ADC_GetSoftwareStartConvStatus
    stm32f10x_adc.o(.ARM.exidx) refers to stm32f10x_adc.o(i.ADC_DiscModeChannelCountConfig) for i.ADC_DiscModeChannelCountConfig
    stm32f10x_adc.o(.ARM.exidx) refers to stm32f10x_adc.o(i.ADC_DiscModeCmd) for i.ADC_DiscModeCmd
    stm32f10x_adc.o(.ARM.exidx) refers to stm32f10x_adc.o(i.ADC_RegularChannelConfig) for i.ADC_RegularChannelConfig
    stm32f10x_adc.o(.ARM.exidx) refers to stm32f10x_adc.o(i.ADC_ExternalTrigConvCmd) for i.ADC_ExternalTrigConvCmd
    stm32f10x_adc.o(.ARM.exidx) refers to stm32f10x_adc.o(i.ADC_GetConversionValue) for i.ADC_GetConversionValue
[...]
    Removing systime.o(.ARM.exidx), (8 bytes).
    Removing datatransfor.o(i.ANO_DT_Send_PID), (524 bytes).
    Removing datatransfor.o(i.ANO_DT_Send_Power), (148 bytes).
    Removing datatransfor.o(i.ANO_DT_Send_Senser), (380 bytes).
    Removing datatransfor.o(i.ANO_DT_Send_Status), (328 bytes).
    Removing datatransfor.o(.ARM.exidx), (8 bytes).
    Removing datatransfor.o(.ARM.exidx), (8 bytes).
    Removing datatransfor.o(.ARM.exidx), (8 bytes).
    Removing datatransfor.o(.ARM.exidx), (8 bytes).
    Removing datatransfor.o(.ARM.exidx), (8 bytes).
    Removing datatransfor.o(.ARM.exidx), (8 bytes).
    Removing datatransfor.o(.ARM.exidx), (8 bytes).
    Removing datatransfor.o(.ARM.exidx), (8 bytes).
    Removing datatransfor.o(.ARM.exidx), (8 bytes).
    Removing datatransfor.o(.ARM.exidx), (8 bytes).
    Removing datatransfor.o(.ARM.exidx), (8 bytes).
    Removing datatransfor.o(.ARM.exidx), (8 bytes).
    Removing datatransfor.o(.ARM.exidx), (8 bytes).
    Removing ultrasonic.o(i._Z22get_sonar_measure_timev), (24 bytes).
    Removing ultrasonic.o(.ARM.exidx), (8 bytes).
    Removing ultrasonic.o(.ARM.exidx), (8 bytes).
    Removing ultrasonic.o(.ARM.exidx), (8 bytes).
    Removing ultrasonic.o(.ARM.exidx), (8 bytes).
    Removing ultrasonic.o(.ARM.exidx), (8 bytes).
    Removing ultrasonic.o(.ARM.exidx), (8 bytes).
    Removing ultrasonic.o(.ARM.exidx), (8 bytes).
    Removing ultrasonic.o(.ARM.exidx), (8 bytes).
    Removing ultrasonic.o(.ARM.exidx), (8 bytes).
    Removing core_cm3.o(.emb_text), (32 bytes).
    Removing system_stm32f10x.o(i.SystemCoreClockUpdate), (164 bytes).
    Removing system_stm32f10x.o(.ARM.exidx), (8 bytes).
    Removing system_stm32f10x.o(.ARM.exidx), (8 bytes).
    Removing system_stm32f10x.o(.ARM.exidx), (8 bytes).
    Removing system_stm32f10x.o(.ARM.exidx), (8 bytes).
    Removing system_stm32f10x.o(.data), (20 bytes).
    Removing ffixui.o(.text), (40 bytes).
    Removing cdcmple.o(.text), (48 bytes).
    Removing cfcmple.o(.text), (20 bytes).
    Removing cfrcmple.o(.text), (20 bytes).
    Removing marvlink.o(i._ZN13marvlink_func14crc_accumulateEht), (34 bytes).
    Removing marvlink.o(.ARM.exidx), (8 bytes).
    Removing marvlink.o(i._ZN13marvlink_func13crc_calculateEPhi), (52 bytes).
    Removing marvlink.o(.ARM.exidx), (8 bytes).
    Removing marvlink.o(t._ZN13marvlink_func14generatePacketI23mavlink_mission_count_tEEviT_iibb), (168 bytes).
    Removing marvlink.o(.ARM.exidx), (8 bytes).
    Removing marvlink.o(t._ZN13marvlink_func14generatePacketI22mavlink_mission_item_tEEviT_iibb), (180 bytes).
    Removing marvlink.o(.ARM.exidx), (8 bytes).
    Removing marvlink.o(t._ZN13marvlink_func14generatePacketI30mavlink_rc_channels_override_tEEviT_iibb), (180 bytes).
    Removing marvlink.o(.ARM.exidx), (8 bytes).
    Removing marvlink.o(t._ZN13marvlink_func14generatePacketI22mavlink_command_long_tEEviT_iibb), (180 bytes).
    Removing marvlink.o(.ARM.exidx), (8 bytes).
    Removing marvlink.o(t._ZN13marvlink_func14generatePacketI21mavlink_mission_ack_tEEviT_iibb), (168 bytes).
    Removing marvlink.o(.ARM.exidx), (8 bytes).
    Removing marvlink.o(t._ZN13marvlink_func14generatePacketI18mavlink_set_mode_tEEviT_iibb), (172 bytes).
    Removing marvlink.o(.ARM.exidx), (8 bytes).
    Removing usart.o(.ARM.exidx), (8 bytes).
    Removing pwmin.o(.ARM.exidx), (8 bytes).

1063 unused section(s) (total 28504 bytes) removed from the image.

==============================================================================

Image Symbol Table

    Local Symbols

    Symbol Name                              Value     Ov Type        Size  Object(Section)

    ../../../edgfe/lib_src/dtor_list.c       0x00000000   Number         0  aeabi_atexit.o ABSOLUTE
    ../../../edgfe/lib_src/dtor_list.c       0x00000000   Number         0  cxa_finalize.o ABSOLUTE
    ../clib/../cmprslib/zerorunl2.c          0x00000000   Number         0  __dczerorl2.o ABSOLUTE
    ../clib/microlib/cpp/cpp_dtor.c          0x00000000   Number         0  cpp_dtor.o ABSOLUTE
    ../clib/microlib/cpp/cpp_final.c         0x00000000   Number         0  cpp_final.o ABSOLUTE
    ../clib/microlib/cpp/cpp_init.c          0x00000000   Number         0  cpp_init.o ABSOLUTE
    ../clib/microlib/cpp/cpp_init.c          0x00000000   Number         0  cpp_init.o ABSOLUTE
    ../clib/microlib/init/entry.s            0x00000000   Number         0  entry11b.o ABSOLUTE
    ../clib/microlib/init/entry.s            0x00000000   Number         0  entry9a.o ABSOLUTE
    ../clib/microlib/init/entry.s            0x00000000   Number         0  entry.o ABSOLUTE
    ../clib/microlib/init/entry.s            0x00000000   Number         0  entry8b.o ABSOLUTE
    ../clib/microlib/init/entry.s            0x00000000   Number         0  entry9b.o ABSOLUTE
    ../clib/microlib/init/entry.s            0x00000000   Number         0  entry11a.o ABSOLUTE
    ../clib/microlib/init/entry.s            0x00000000   Number         0  entry10b.o ABSOLUTE
    ../clib/microlib/init/entry.s            0x00000000   Number         0  entry2.o ABSOLUTE
    ../clib/microlib/init/entry.s            0x00000000   Number         0  entry5.o ABSOLUTE
    ../clib/microlib/init/entry.s            0x00000000   Number         0  entry8a.o ABSOLUTE
    ../clib/microlib/init/entry.s            0x00000000   Number         0  entry10a.o ABSOLUTE
    ../clib/microlib/init/entry.s            0x00000000   Number         0  entry7a.o ABSOLUTE
    ../clib/microlib/init/entry.s            0x00000000   Number         0  entry7b.o ABSOLUTE
    ../clib/microlib/longlong.c              0x00000000   Number         0  llsshr.o ABSOLUTE
    ../clib/microlib/longlong.c              0x00000000   Number         0  llshl.o ABSOLUTE
    ../clib/microlib/longlong.c              0x00000000   Number         0  llushr.o ABSOLUTE
    ../clib/microlib/malloc/malloc.c         0x00000000   Number         0  malloc.o ABSOLUTE
    ../clib/microlib/malloc/malloc.c         0x00000000   Number         0  mallocr.o ABSOLUTE
    ../clib/microlib/malloc/malloc.c         0x00000000   Number         0  mallocra.o ABSOLUTE
    ../clib/microlib/malloc/malloc.c         0x00000000   Number         0  malloca.o ABSOLUTE
    ../clib/microlib/malloc/mvars.c          0x00000000   Number         0  mvars.o ABSOLUTE
    ../clib/microlib/string/memcpy.c         0x00000000   Number         0  memcpya.o ABSOLUTE
    ../clib/microlib/string/memcpy.c         0x00000000   Number         0  memcpyb.o ABSOLUTE
    ../clib/microlib/stubs.s                 0x00000000   Number         0  iusefp.o ABSOLUTE
    ../fplib/microlib/d2f.c                  0x00000000   Number         0  d2f.o ABSOLUTE
    ../fplib/microlib/f2d.c                  0x00000000   Number         0  f2d.o ABSOLUTE
    ../fplib/microlib/fpadd.c                0x00000000   Number         0  fadd.o ABSOLUTE
    ../fplib/microlib/fpadd.c                0x00000000   Number         0  dadd.o ABSOLUTE
    ../fplib/microlib/fpdiv.c                0x00000000   Number         0  fdiv.o ABSOLUTE
    ../fplib/microlib/fpdiv.c                0x00000000   Number         0  ddiv.o ABSOLUTE
    ../fplib/microlib/fpepilogue.c           0x00000000   Number         0  fepilogue.o ABSOLUTE
    ../fplib/microlib/fpepilogue.c           0x00000000   Number         0  depilogue.o ABSOLUTE
    ../fplib/microlib/fpfix.c                0x00000000   Number         0  ffixui.o ABSOLUTE
    ../fplib/microlib/fpfix.c                0x00000000   Number         0  ffixi.o ABSOLUTE
    ../fplib/microlib/fpflt.c                0x00000000   Number         0  fflti.o ABSOLUTE
    ../fplib/microlib/fpflt.c                0x00000000   Number         0  ffltui.o ABSOLUTE
    ../fplib/microlib/fpflt.c                0x00000000   Number         0  dfltui.o ABSOLUTE
    ../fplib/microlib/fpmul.c                0x00000000   Number         0  dmul.o ABSOLUTE
    ../fplib/microlib/fpmul.c                0x00000000   Number         0  fmul.o ABSOLUTE
    Libraries\CMSIS\core_cm3.c               0x00000000   Number         0  core_cm3.o ABSOLUTE
    Libraries\CMSIS\startup\startup_stm32f10x_hd.s 0x00000000   Number         0  startup_stm32f10x_hd.o ABSOLUTE
    Libraries\CMSIS\system_stm32f10x.c       0x00000000   Number         0  system_stm32f10x.o ABSOLUTE
    Libraries\FWlib\src\misc.c               0x00000000   Number         0  misc.o ABSOLUTE
    Libraries\FWlib\src\stm32f10x_adc.c      0x00000000   Number         0  stm32f10x_adc.o ABSOLUTE
    Libraries\FWlib\src\stm32f10x_bkp.c      0x00000000   Number         0  stm32f10x_bkp.o ABSOLUTE
    Libraries\FWlib\src\stm32f10x_can.c      0x00000000   Number         0  stm32f10x_can.o ABSOLUTE
    Libraries\FWlib\src\stm32f10x_cec.c      0x00000000   Number         0  stm32f10x_cec.o ABSOLUTE
    Libraries\FWlib\src\stm32f10x_crc.c      0x00000000   Number         0  stm32f10x_crc.o ABSOLUTE
    Libraries\FWlib\src\stm32f10x_dac.c      0x00000000   Number         0  stm32f10x_dac.o ABSOLUTE
    Libraries\FWlib\src\stm32f10x_dbgmcu.c   0x00000000   Number         0  stm32f10x_dbgmcu.o ABSOLUTE
    Libraries\FWlib\src\stm32f10x_dma.c      0x00000000   Number         0  stm32f10x_dma.o ABSOLUTE
    Libraries\FWlib\src\stm32f10x_exti.c     0x00000000   Number         0  stm32f10x_exti.o ABSOLUTE
    Libraries\FWlib\src\stm32f10x_flash.c    0x00000000   Number         0  stm32f10x_flash.o ABSOLUTE
    Libraries\FWlib\src\stm32f10x_fsmc.c     0x00000000   Number         0  stm32f10x_fsmc.o ABSOLUTE
    Libraries\FWlib\src\stm32f10x_gpio.c     0x00000000   Number         0  stm32f10x_gpio.o ABSOLUTE
    Libraries\FWlib\src\stm32f10x_i2c.c      0x00000000   Number         0  stm32f10x_i2c.o ABSOLUTE
    Libraries\FWlib\src\stm32f10x_iwdg.c     0x00000000   Number         0  stm32f10x_iwdg.o ABSOLUTE
    Libraries\FWlib\src\stm32f10x_pwr.c      0x00000000   Number         0  stm32f10x_pwr.o ABSOLUTE
    Libraries\FWlib\src\stm32f10x_rcc.c      0x00000000   Number         0  stm32f10x_rcc.o ABSOLUTE
    Libraries\FWlib\src\stm32f10x_rtc.c      0x00000000   Number         0  stm32f10x_rtc.o ABSOLUTE
    Libraries\FWlib\src\stm32f10x_sdio.c     0x00000000   Number         0  stm32f10x_sdio.o ABSOLUTE
    Libraries\FWlib\src\stm32f10x_spi.c      0x00000000   Number         0  stm32f10x_spi.o ABSOLUTE
    Libraries\FWlib\src\stm32f10x_tim.c      0x00000000   Number         0  stm32f10x_tim.o ABSOLUTE
    Libraries\FWlib\src\stm32f10x_usart.c    0x00000000   Number         0  stm32f10x_usart.o ABSOLUTE
    Libraries\FWlib\src\stm32f10x_wwdg.c     0x00000000   Number         0  stm32f10x_wwdg.o ABSOLUTE
    Libraries\\CMSIS\\core_cm3.c             0x00000000   Number         0  core_cm3.o ABSOLUTE
    Source\pwmin\PWMIN.cpp                   0x00000000   Number         0  pwmin.o ABSOLUTE
    Source\pwmout\PWMOUT.cpp                 0x00000000   Number         0  pwmout.o ABSOLUTE
    Source\sonar\ultrasonic.cpp              0x00000000   Number         0  ultrasonic.o ABSOLUTE
    Source\sys\systime.cpp                   0x00000000   Number         0  systime.o ABSOLUTE
    Source\time\delay.cpp                    0x00000000   Number         0  delay.o ABSOLUTE
    Source\uart\USART.cpp                    0x00000000   Number         0  usart.o ABSOLUTE
    Source\uart\datatransfor.cpp             0x00000000   Number         0  datatransfor.o ABSOLUTE
    USER\flow\flow.cpp                       0x00000000   Number         0  flow.o ABSOLUTE
    USER\init\init.cpp                       0x00000000   Number         0  init.o ABSOLUTE
    USER\main\main.cpp                       0x00000000   Number         0  main.o ABSOLUTE
    USER\marvlink\marvlink.cpp               0x00000000   Number         0  marvlink.o ABSOLUTE
    USER\rc\rc.cpp                           0x00000000   Number         0  rc.o ABSOLUTE
    USER\stm32f10x_it.c                      0x00000000   Number         0  stm32f10x_it.o ABSOLUTE
    cdcmple.s                                0x00000000   Number         0  cdcmple.o ABSOLUTE
    cfcmple.s                                0x00000000   Number         0  cfcmple.o ABSOLUTE
    cfrcmple.s                               0x00000000   Number         0  cfrcmple.o ABSOLUTE
    dc.s                                     0x00000000   Number         0  dc.o ABSOLUTE
    handlers.s                               0x00000000   Number         0  handlers.o ABSOLUTE
    init.s                                   0x00000000   Number         0  init.o ABSOLUTE
    RESET                                    0x08000000   Section      304  startup_stm32f10x_hd.o(RESET)
    .ARM.Collect$$$$00000000                 0x08000130   Section        0  entry.o(.ARM.Collect$$$$00000000)
    .ARM.Collect$$$$00000001                 0x08000130   Section        4  entry2.o(.ARM.Collect$$$$00000001)
    .ARM.Collect$$$$00000004                 0x08000134   Section        4  entry5.o(.ARM.Collect$$$$00000004)
    .ARM.Collect$$$$00000008                 0x08000138   Section        0  entry7b.o(.ARM.Collect$$$$00000008)
    .ARM.Collect$$$$00000009                 0x08000138   Section        4  entry8a.o(.ARM.Collect$$$$00000009)
    .ARM.Collect$$$$0000000A                 0x0800013c   Section        0  entry8b.o(.ARM.Collect$$$$0000000A)
    .ARM.Collect$$$$0000000B                 0x0800013c   Section        8  entry9a.o(.ARM.Collect$$$$0000000B)
    .ARM.Collect$$$$0000000D                 0x08000144   Section        0  entry10a.o(.ARM.Collect$$$$0000000D)
    .ARM.Collect$$$$0000000F                 0x08000144   Section        0  entry11a.o(.ARM.Collect$$$$0000000F)
    .ARM.Collect$$$$00002712                 0x08000144   Section        4  entry2.o(.ARM.Collect$$$$00002712)
    __lit__00000000                          0x08000144   Data           4  entry2.o(.ARM.Collect$$$$00002712)
    .text                                    0x08000148   Section       36  startup_stm32f10x_hd.o(.text)
    .text                                    0x0800016c   Section        0  cpp_init.o(.text)
    .text                                    0x0800018c   Section        0  fadd.o(.text)
    .text                                    0x0800023c   Section        0  fmul.o(.text)
    .text                                    0x080002a0   Section        0  fdiv.o(.text)
    .text                                    0x0800031c   Section        0  dadd.o(.text)
    .text                                    0x0800046a   Section        0  dmul.o(.text)
    .text                                    0x0800054e   Section        0  ddiv.o(.text)
    .text                                    0x0800062c   Section        0  fflti.o(.text)
    .text                                    0x0800063e   Section        0  ffltui.o(.text)
    .text                                    0x08000648   Section        0  dfltui.o(.text)
    .text                                    0x08000662   Section        0  ffixi.o(.text)
    .text                                    0x08000694   Section        0  f2d.o(.text)
    .text                                    0x080006ba   Section        0  d2f.o(.text)
    .text                                    0x080006f2   Section        0  llshl.o(.text)
    .text                                    0x08000710   Section        0  llsshr.o(.text)
    .text                                    0x08000734   Section        0  iusefp.o(.text)
    .text                                    0x08000734   Section        0  cpp_dtor.o(.text)
    .text                                    0x0800073c   Section        0  cpp_final.o(.text)
    .text                                    0x0800073e   Section        0  fepilogue.o(.text)
    .text                                    0x080007ac   Section        0  depilogue.o(.text)
    .text                                    0x08000868   Section       36  init.o(.text)
    .text                                    0x0800088c   Section        0  llushr.o(.text)
    .text                                    0x080008ac   Section        0  __dczerorl2.o(.text)
    i.ANO_DT_Data_Exchange                   0x08000904   Section        0  datatransfor.o(i.ANO_DT_Data_Exchange)
    i.ANO_DT_Data_Receive_Anl                0x08000b4c   Section        0  datatransfor.o(i.ANO_DT_Data_Receive_Anl)
    i.ANO_DT_Data_Receive_Prepare            0x08000c00   Section        0  datatransfor.o(i.ANO_DT_Data_Receive_Prepare)
    i.ANO_DT_Send_MotoPWM                    0x08000ce8   Section        0  datatransfor.o(i.ANO_DT_Send_MotoPWM)
    i.ANO_DT_Send_Mypara                     0x08000e14   Section        0  datatransfor.o(i.ANO_DT_Send_Mypara)
    i.ANO_DT_Send_RCData                     0x0800101c   Section        0  datatransfor.o(i.ANO_DT_Send_RCData)
    i.ANO_DT_Send_Version                    0x08001180   Section        0  datatransfor.o(i.ANO_DT_Send_Version)
    i.AnalysePacket_APM                      0x0800124c   Section        0  usart.o(i.AnalysePacket_APM)
    i.BusFault_Handler                       0x080013d8   Section        0  stm32f10x_it.o(i.BusFault_Handler)
    i.DMA1_Channel2_IRQHandler               0x080013dc   Section        0  stm32f10x_it.o(i.DMA1_Channel2_IRQHandler)
    i.DMA1_Channel4_IRQHandler               0x080013fc   Section        0  stm32f10x_it.o(i.DMA1_Channel4_IRQHandler)
    i.DMA2_Channel4_5_IRQHandler             0x08001420   Section        0  stm32f10x_it.o(i.DMA2_Channel4_5_IRQHandler)
    i.DMA_ClearFlag                          0x0800143c   Section        0  stm32f10x_dma.o(i.DMA_ClearFlag)
    i.DMA_Cmd                                0x08001458   Section        0  stm32f10x_dma.o(i.DMA_Cmd)
    i.DMA_DeInit                             0x08001470   Section        0  stm32f10x_dma.o(i.DMA_DeInit)
    i.DMA_GetCurrDataCounter                 0x080015bc   Section        0  stm32f10x_dma.o(i.DMA_GetCurrDataCounter)
    i.DMA_ITConfig                           0x080015c4   Section        0  stm32f10x_dma.o(i.DMA_ITConfig)
    i.DMA_Init                               0x080015d6   Section        0  stm32f10x_dma.o(i.DMA_Init)
    i.DMA_SetCurrDataCounter                 0x08001612   Section        0  stm32f10x_dma.o(i.DMA_SetCurrDataCounter)
    i.DebugMon_Handler                       0x08001616   Section        0  stm32f10x_it.o(i.DebugMon_Handler)
    i.EXTI9_5_IRQHandler                     0x08001618   Section        0  ultrasonic.o(i.EXTI9_5_IRQHandler)
    i.EXTI_ClearFlag                         0x08001688   Section        0  stm32f10x_exti.o(i.EXTI_ClearFlag)
    i.EXTI_ClearITPendingBit                 0x08001694   Section        0  stm32f10x_exti.o(i.EXTI_ClearITPendingBit)
    i.EXTI_GetFlagStatus                     0x080016a0   Section        0  stm32f10x_exti.o(i.EXTI_GetFlagStatus)
    i.EXTI_Init                              0x080016b8   Section        0  stm32f10x_exti.o(i.EXTI_Init)
    i.GPIO_EXTILineConfig                    0x0800174c   Section        0  stm32f10x_gpio.o(i.GPIO_EXTILineConfig)
    i.GPIO_Init                              0x0800178c   Section        0  stm32f10x_gpio.o(i.GPIO_Init)
    i.GPIO_ReadInputDataBit                  0x080018a2   Section        0  stm32f10x_gpio.o(i.GPIO_ReadInputDataBit)
    i.GPIO_ResetBits                         0x080018b4   Section        0  stm32f10x_gpio.o(i.GPIO_ResetBits)
    i.GPIO_SetBits                           0x080018b8   Section        0  stm32f10x_gpio.o(i.GPIO_SetBits)
    i.HardFault_Handler                      0x080018bc   Section        0  stm32f10x_it.o(i.HardFault_Handler)
    i.Kalman_Filter_Init                     0x080018c0   Section        0  usart.o(i.Kalman_Filter_Init)
    i.MemManage_Handler                      0x0800196c   Section        0  stm32f10x_it.o(i.MemManage_Handler)
    i.NMI_Handler                            0x08001970   Section        0  stm32f10x_it.o(i.NMI_Handler)
    i.NVIC_Init                              0x08001974   Section        0  misc.o(i.NVIC_Init)
    i.NVIC_PriorityGroupConfig               0x080019e4   Section        0  misc.o(i.NVIC_PriorityGroupConfig)
    i.PendSV_Handler                         0x080019f8   Section        0  stm32f10x_it.o(i.PendSV_Handler)
    i.RCC_AHBPeriphClockCmd                  0x080019fc   Section        0  stm32f10x_rcc.o(i.RCC_AHBPeriphClockCmd)
    i.RCC_APB1PeriphClockCmd                 0x08001a1c   Section        0  stm32f10x_rcc.o(i.RCC_APB1PeriphClockCmd)
    i.RCC_APB2PeriphClockCmd                 0x08001a3c   Section        0  stm32f10x_rcc.o(i.RCC_APB2PeriphClockCmd)
    i.RCC_GetClocksFreq                      0x08001a5c   Section        0  stm32f10x_rcc.o(i.RCC_GetClocksFreq)
    i.SVC_Handler                            0x08001b30   Section        0  stm32f10x_it.o(i.SVC_Handler)
    i.SysTick_CLKSourceConfig                0x08001b32   Section        0  misc.o(i.SysTick_CLKSourceConfig)
    i.SysTick_Handler                        0x08001b5c   Section        0  stm32f10x_it.o(i.SysTick_Handler)
    i.SystemInit                             0x08001b6c   Section        0  system_stm32f10x.o(i.SystemInit)
    i.TIM4_IRQHandler                        0x08001bcc   Section        0  stm32f10x_it.o(i.TIM4_IRQHandler)
    i.TIM6_IRQHandler                        0x08001bdc   Section        0  stm32f10x_it.o(i.TIM6_IRQHandler)
    i.TIM_ClearFlag                          0x08001c1c   Section        0  stm32f10x_tim.o(i.TIM_ClearFlag)
    i.TIM_ClearITPendingBit                  0x08001c22   Section        0  stm32f10x_tim.o(i.TIM_ClearITPendingBit)
    i.TIM_Cmd                                0x08001c28   Section        0  stm32f10x_tim.o(i.TIM_Cmd)
    i.TIM_GetCapture1                        0x08001c40   Section        0  stm32f10x_tim.o(i.TIM_GetCapture1)
    i.TIM_GetCapture2                        0x08001c46   Section        0  stm32f10x_tim.o(i.TIM_GetCapture2)
    i.TIM_GetCapture3                        0x08001c4c   Section        0  stm32f10x_tim.o(i.TIM_GetCapture3)
    i.TIM_GetCapture4                        0x08001c52   Section        0  stm32f10x_tim.o(i.TIM_GetCapture4)
    i.TIM_GetCounter                         0x08001c5a   Section        0  stm32f10x_tim.o(i.TIM_GetCounter)
    i.TIM_GetITStatus                        0x08001c60   Section        0  stm32f10x_tim.o(i.TIM_GetITStatus)
    i.TIM_ITConfig                           0x08001c82   Section        0  stm32f10x_tim.o(i.TIM_ITConfig)
    i.TIM_OC1PolarityConfig                  0x08001c94   Section        0  stm32f10x_tim.o(i.TIM_OC1PolarityConfig)
    i.TIM_OC2PolarityConfig                  0x08001ca6   Section        0  stm32f10x_tim.o(i.TIM_OC2PolarityConfig)
    i.TIM_OC3PolarityConfig                  0x08001cc0   Section        0  stm32f10x_tim.o(i.TIM_OC3PolarityConfig)
    i.TIM_OC4PolarityConfig                  0x08001cda   Section        0  stm32f10x_tim.o(i.TIM_OC4PolarityConfig)
    i.TIM_SetCounter                         0x08001cf4   Section        0  stm32f10x_tim.o(i.TIM_SetCounter)
    i.TIM_TimeBaseInit                       0x08001cf8   Section        0  stm32f10x_tim.o(i.TIM_TimeBaseInit)
    i.UART4_IRQHandler                       0x08001d9c   Section        0  stm32f10x_it.o(i.UART4_IRQHandler)
    i.UART5_IRQHandler                       0x08001de4   Section        0  stm32f10x_it.o(i.UART5_IRQHandler)
    i.USART1_IRQHandler                      0x08001de8   Section        0  stm32f10x_it.o(i.USART1_IRQHandler)
    i.USART2_IRQHandler                      0x08001e70   Section        0  stm32f10x_it.o(i.USART2_IRQHandler)
    i.USART3_IRQHandler                      0x08001f00   Section        0  stm32f10x_it.o(i.USART3_IRQHandler)
    i.USART_ClearFlag                        0x08001f64   Section        0  stm32f10x_usart.o(i.USART_ClearFlag)
    i.USART_Cmd                              0x08001f76   Section        0  stm32f10x_usart.o(i.USART_Cmd)
    i.USART_DMACmd                           0x08001f8e   Section        0  stm32f10x_usart.o(i.USART_DMACmd)
    i.USART_GetITStatus                      0x08001fa0   Section        0  stm32f10x_usart.o(i.USART_GetITStatus)
    i.USART_ITConfig                         0x08001ff4   Section        0  stm32f10x_usart.o(i.USART_ITConfig)
    i.USART_Init                             0x08002040   Section        0  stm32f10x_usart.o(i.USART_Init)
    i.UsageFault_Handler                     0x08002118   Section        0  stm32f10x_it.o(i.UsageFault_Handler)
    i._Z10delay_inith                        0x0800211c   Section        0  delay.o(i._Z10delay_inith)
    i._Z11SetSysClockv                       0x0800215c   Section        0  system_stm32f10x.o(i._Z11SetSysClockv)
    SetSysClock()                            0x0800215d   Thumb Code     8  system_stm32f10x.o(i._Z11SetSysClockv)
    i._Z13Get_Flow_DataPhi                   0x08002164   Section        0  flow.o(i._Z13Get_Flow_DataPhi)
    i._Z15KalmanFilter_vxd                   0x080021ec   Section        0  usart.o(i._Z15KalmanFilter_vxd)
    i._Z15KalmanFilter_vyd                   0x080022ac   Section        0  usart.o(i._Z15KalmanFilter_vyd)
    i._Z15SetSysClockTo72v                   0x0800236c   Section        0  system_stm32f10x.o(i._Z15SetSysClockTo72v)
    SetSysClockTo72()                        0x0800236d   Thumb Code   214  system_stm32f10x.o(i._Z15SetSysClockTo72v)
    i._Z16ANO_DT_Send_DataPhh                0x0800244c   Section        0  datatransfor.o(i._Z16ANO_DT_Send_DataPhh)
    i._Z16Get_Flow_Prepareh                  0x08002468   Section        0  flow.o(i._Z16Get_Flow_Prepareh)
    i._Z17ANO_DT_Send_Checkhh                0x08002570   Section        0  datatransfor.o(i._Z17ANO_DT_Send_Checkhh)
    ANO_DT_Send_Check(unsigned char, unsigned char) 0x08002571   Thumb Code    68  datatransfor.o(i._Z17ANO_DT_Send_Checkhh)
    i._Z19Analysis_board_Initv               0x080025b8   Section        0  init.o(i._Z19Analysis_board_Initv)
    i._Z8delay_usj                           0x08002660   Section        0  delay.o(i._Z8delay_usj)
    i._ZN10PWMIN_CONF15PWMIN_IntteruptEv     0x0800269c   Section        0  pwmin.o(i._ZN10PWMIN_CONF15PWMIN_IntteruptEv)
    i._ZN10PWMIN_CONFC1Ev                    0x08002888   Section        0  pwmin.o(i._ZN10PWMIN_CONFC1Ev)
    i._ZN12SYSTIME_CONF10Duty_100msEv        0x080028b4   Section        0  systime.o(i._ZN12SYSTIME_CONF10Duty_100msEv)
    i._ZN12SYSTIME_CONF10Duty_500msEv        0x080028b6   Section        0  systime.o(i._ZN12SYSTIME_CONF10Duty_500msEv)
    i._ZN12SYSTIME_CONF10Loop_checkEv        0x080028b8   Section        0  systime.o(i._ZN12SYSTIME_CONF10Loop_checkEv)
    i._ZN12SYSTIME_CONF11Get_Cycle_TEh       0x0800290c   Section        0  systime.o(i._ZN12SYSTIME_CONF11Get_Cycle_TEh)
    i._ZN12SYSTIME_CONF13GetSysTime_usEv     0x08002988   Section        0  systime.o(i._ZN12SYSTIME_CONF13GetSysTime_usEv)
    i._ZN12SYSTIME_CONF18TIM6_ConfigurationEv 0x080029fc   Section        0  systime.o(i._ZN12SYSTIME_CONF18TIM6_ConfigurationEv)
    i._ZN12SYSTIME_CONF21SysTick_ConfigurationEv 0x08002a5c   Section        0  systime.o(i._ZN12SYSTIME_CONF21SysTick_ConfigurationEv)
    i._ZN12SYSTIME_CONF8Duty_1msEv           0x08002ad0   Section        0  systime.o(i._ZN12SYSTIME_CONF8Duty_1msEv)
    i._ZN12SYSTIME_CONF8Duty_2msEv           0x08002ada   Section        0  systime.o(i._ZN12SYSTIME_CONF8Duty_2msEv)
    i._ZN12SYSTIME_CONF8Duty_5msEv           0x08002adc   Section        0  systime.o(i._ZN12SYSTIME_CONF8Duty_5msEv)
    i._ZN12SYSTIME_CONF9Duty_10msEv          0x08002b18   Section        0  systime.o(i._ZN12SYSTIME_CONF9Duty_10msEv)
    i._ZN12SYSTIME_CONF9Duty_20msEv          0x08002b34   Section        0  systime.o(i._ZN12SYSTIME_CONF9Duty_20msEv)
    i._ZN12SYSTIME_CONF9Duty_50msEv          0x08002b48   Section        0  systime.o(i._ZN12SYSTIME_CONF9Duty_50msEv)
    i._ZN12SYSTIME_CONF9Duty_LoopEv          0x08002b68   Section        0  systime.o(i._ZN12SYSTIME_CONF9Duty_LoopEv)
    i._ZN5Usart10Byte2FloatEPh               0x08002bfe   Section        0  usart.o(i._ZN5Usart10Byte2FloatEPh)
    i._ZN5Usart10Float2ByteEfPh              0x08002c04   Section        0  usart.o(i._ZN5Usart10Float2ByteEfPh)
    i._ZN5Usart10Usart_InitEij               0x08002c20   Section        0  usart.o(i._ZN5Usart10Usart_InitEij)
    i._ZN5Usart12Reserve_SendEPhh            0x08003114   Section        0  usart.o(i._ZN5Usart12Reserve_SendEPhh)
    i._ZN5Usart12Target_V_GetEfff            0x08003164   Section        0  usart.o(i._ZN5Usart12Target_V_GetEfff)
    i._ZN5Usart20generatePacket_ToAPMEPhi    0x08003240   Section        0  usart.o(i._ZN5Usart20generatePacket_ToAPMEPhi)
    i._ZN5Usart21Target_VisonData_DealEf     0x0800339c   Section        0  usart.o(i._ZN5Usart21Target_VisonData_DealEf)
    i._ZN5UsartD1Ev                          0x080033f4   Section        0  usart.o(i._ZN5UsartD1Ev)
    i._ZN9UltraConf10sonar_readEPfS0_        0x080033f8   Section        0  ultrasonic.o(i._ZN9UltraConf10sonar_readEPfS0_)
    i._ZN9UltraConf11Ultran_InitEv           0x0800341c   Section        0  ultrasonic.o(i._ZN9UltraConf11Ultran_InitEv)
    i._ZN9UltraConf12sonar_filterEv          0x080034e0   Section        0  ultrasonic.o(i._ZN9UltraConf12sonar_filterEv)
    i._ZN9UltraConf13Ultra_RangingEv         0x08003548   Section        0  ultrasonic.o(i._ZN9UltraConf13Ultra_RangingEv)
    i._ZN9UltraConf14Ultra_DistanceEv        0x08003568   Section        0  ultrasonic.o(i._ZN9UltraConf14Ultra_DistanceEv)
    i._ZN9UltraConf9TIM2_InitEjj             0x080035ac   Section        0  ultrasonic.o(i._ZN9UltraConf9TIM2_InitEjj)
    i.__aeabi_atexit                         0x080035e6   Section        0  aeabi_atexit.o(i.__aeabi_atexit)
    i.__cxa_finalize                         0x08003618   Section        0  cxa_finalize.o(i.__cxa_finalize)
    i.__scatterload_copy                     0x0800365a   Section       14  handlers.o(i.__scatterload_copy)
    i.__scatterload_null                     0x08003668   Section        2  handlers.o(i.__scatterload_null)
    i.__scatterload_zeroinit                 0x0800366a   Section       14  handlers.o(i.__scatterload_zeroinit)
    i.__sti___12_marvlink_cpp_7411b20d       0x08003678   Section        0  marvlink.o(i.__sti___12_marvlink_cpp_7411b20d)
    __sti___12_marvlink_cpp_7411b20d         0x08003679   Thumb Code    16  marvlink.o(i.__sti___12_marvlink_cpp_7411b20d)
    i.__sti___14_ultrasonic_cpp_fff1e19b     0x08003690   Section        0  ultrasonic.o(i.__sti___14_ultrasonic_cpp_fff1e19b)
    __sti___14_ultrasonic_cpp_fff1e19b       0x08003691   Thumb Code    18  ultrasonic.o(i.__sti___14_ultrasonic_cpp_fff1e19b)
    i.__sti___9_PWMIN_cpp_PWMIN              0x080036b0   Section        0  pwmin.o(i.__sti___9_PWMIN_cpp_PWMIN)
    __sti___9_PWMIN_cpp_PWMIN                0x080036b1   Thumb Code    10  pwmin.o(i.__sti___9_PWMIN_cpp_PWMIN)
    i.__sti___9_USART_cpp_apmMAV             0x080036c0   Section        0  usart.o(i.__sti___9_USART_cpp_apmMAV)
    __sti___9_USART_cpp_apmMAV               0x080036c1   Thumb Code    60  usart.o(i.__sti___9_USART_cpp_apmMAV)
    i.analysePacket                          0x08003714   Section        0  usart.o(i.analysePacket)
    i.free                                   0x08003830   Section        0  malloc.o(i.free)
    i.main                                   0x08003880   Section        0  main.o(i.main)
    i.malloc                                 0x08003894   Section        0  malloc.o(i.malloc)
    .init_array                              0x08003920   Section        4  marvlink.o(.init_array)
    .init_array                              0x08003924   Section        4  usart.o(.init_array)
    .init_array                              0x08003928   Section        4  pwmin.o(.init_array)
    .init_array                              0x0800392c   Section        4  ultrasonic.o(.init_array)
    .init_array                              0x08003930   Section        0  cpp_init.o(.init_array)
    .data                                    0x20000000   Section       20  stm32f10x_rcc.o(.data)
    APBAHBPrescTable                         0x20000000   Data          16  stm32f10x_rcc.o(.data)
    ADCPrescTable                            0x20000010   Data           4  stm32f10x_rcc.o(.data)
    .data                                    0x20000014   Section       20  marvlink.o(.data)
    .data                                    0x20000028   Section        3  flow.o(.data)
    _data_len                                0x20000028   Data           1  flow.o(.data)
    _data_cnt                                0x20000029   Data           1  flow.o(.data)
    state                                    0x2000002a   Data           1  flow.o(.data)
    .data                                    0x20000030   Section      184  usart.o(.data)
    lpf_vx                                   0x20000088   Data           4  usart.o(.data)
    lpf_vy                                   0x2000008c   Data           4  usart.o(.data)
    x_last                                   0x200000a8   Data           8  usart.o(.data)
    p_last                                   0x200000b0   Data           8  usart.o(.data)
    x_last                                   0x200000b8   Data           8  usart.o(.data)
    p_last                                   0x200000c0   Data           8  usart.o(.data)
    x_last                                   0x200000c8   Data           8  usart.o(.data)
    p_last                                   0x200000d0   Data           8  usart.o(.data)
    x_last                                   0x200000d8   Data           8  usart.o(.data)
    p_last                                   0x200000e0   Data           8  usart.o(.data)
    .data                                    0x200000e8   Section       20  stm32f10x_it.o(.data)
    .data                                    0x200000fc   Section        4  delay.o(.data)
    fac_us                                   0x200000fc   Data           1  delay.o(.data)
    fac_ms                                   0x200000fe   Data           2  delay.o(.data)
    .data                                    0x20000100   Section       13  systime.o(.data)
    sysTickUptime_OVER                       0x2000010c   Data           1  systime.o(.data)
    .data                                    0x2000010d   Section       10  datatransfor.o(.data)
    cnt                                      0x2000010d   Data           1  datatransfor.o(.data)
    senser_cnt                               0x2000010e   Data           1  datatransfor.o(.data)
    status_cnt                               0x2000010f   Data           1  datatransfor.o(.data)
    rcdata_cnt                               0x20000110   Data           1  datatransfor.o(.data)
    motopwm_cnt                              0x20000111   Data           1  datatransfor.o(.data)
    power_cnt                                0x20000112   Data           1  datatransfor.o(.data)
    mypara_cnt                               0x20000113   Data           1  datatransfor.o(.data)
    _data_len                                0x20000114   Data           1  datatransfor.o(.data)
    _data_cnt                                0x20000115   Data           1  datatransfor.o(.data)
    state                                    0x20000116   Data           1  datatransfor.o(.data)
    .data                                    0x20000118   Section       81  ultrasonic.o(.data)
    last_measure_time                        0x20000130   Data           4  ultrasonic.o(.data)
    measure_time                             0x20000134   Data           4  ultrasonic.o(.data)
    dt                                       0x20000138   Data           4  ultrasonic.o(.data)
    valid_data                               0x2000013c   Data           4  ultrasonic.o(.data)
    data_counter                             0x20000140   Data           4  ultrasonic.o(.data)
    data_valid                               0x20000144   Data           4  ultrasonic.o(.data)
    new_value                                0x20000148   Data           4  ultrasonic.o(.data)
    sonar_measure_time_interrupt             0x2000014c   Data           4  ultrasonic.o(.data)
    sonar_measure_time                       0x20000150   Data           4  ultrasonic.o(.data)
    .data                                    0x2000016c   Section        4  cpp_dtor.o(.data)
    ddtor_pointer                            0x2000016c   Data           4  cpp_dtor.o(.data)
    .data                                    0x20000170   Section        4  mvars.o(.data)
    .data                                    0x20000174   Section        4  mvars.o(.data)
    .bss                                     0x20000178   Section       78  flow.o(.bss)
    RxBuffer                                 0x20000194   Data          50  flow.o(.bss)
    .bss                                     0x200001c6   Section      618  usart.o(.bss)
    .bss                                     0x20000430   Section      416  stm32f10x_it.o(.bss)
    .bss                                     0x200005d0   Section       52  pwmin.o(.bss)
    .bss                                     0x20000604   Section       80  systime.o(.bss)
    Cycle_T                                  0x20000604   Data          60  systime.o(.bss)
    .bss                                     0x20000654   Section      114  datatransfor.o(.bss)
    RxBuffer                                 0x20000694   Data          50  datatransfor.o(.bss)
    .bss                                     0x200006c8   Section       60  ultrasonic.o(.bss)
    HEAP                                     0x20000708   Section      512  startup_stm32f10x_hd.o(HEAP)
    STACK                                    0x20000908   Section     1024  startup_stm32f10x_hd.o(STACK)

    Global Symbols

    Symbol Name                              Value     Ov Type        Size  Object(Section)

    BuildAttributes$$THM_ISAv4$P$D$K$B$S$PE$A:L22UL41UL21$X:L11$S22US41US21$IEEE1$IW$USESV6$~STKCKD$USESV7$~SHL$OTIME$ROPI$EBA8$UX$MICROLIB$REQ8$PRES8$EABIv2 0x00000000   Number         0  anon$$obj.o ABSOLUTE
    __ARM_use_no_argv                        0x00000000   Number         0  main.o ABSOLUTE
    _clock_init                               - Undefined Weak Reference
    _microlib_exit                            - Undefined Weak Reference
    __Vectors_Size                           0x00000130   Number         0  startup_stm32f10x_hd.o ABSOLUTE
    __Vectors                                0x08000000   Data           4  startup_stm32f10x_hd.o(RESET)
    __dso_handle                             0x08000000   Number         0  startup_stm32f10x_hd.o(RESET)
    __Vectors_End                            0x08000130   Data           0  startup_stm32f10x_hd.o(RESET)
    __main                                   0x08000131   Thumb Code     0  entry.o(.ARM.Collect$$$$00000000)
    _main_stk                                0x08000131   Thumb Code     0  entry2.o(.ARM.Collect$$$$00000001)
    _main_scatterload                        0x08000135   Thumb Code     0  entry5.o(.ARM.Collect$$$$00000004)
    __main_after_scatterload                 0x08000139   Thumb Code     0  entry5.o(.ARM.Collect$$$$00000004)
    _main_clock                              0x08000139   Thumb Code     0  entry7b.o(.ARM.Collect$$$$00000008)
    _main_cpp_init$empty                     0x08000139   Thumb Code     0  entry8a.o(.ARM.Collect$$$$00000009)
    _main_cpp_init                           0x0800013d   Thumb Code     0  entry8b.o(.ARM.Collect$$$$0000000A)
    _main_init                               0x0800013d   Thumb Code     0  entry9a.o(.ARM.Collect$$$$0000000B)
    __rt_final_cpp                           0x08000145   Thumb Code     0  entry10a.o(.ARM.Collect$$$$0000000D)
    __rt_final_exit                          0x08000145   Thumb Code     0  entry11a.o(.ARM.Collect$$$$0000000F)
    Reset_Handler                            0x08000149   Thumb Code     8  startup_stm32f10x_hd.o(.text)
    ADC1_2_IRQHandler                        0x08000163   Thumb Code     0  startup_stm32f10x_hd.o(.text)
    ADC3_IRQHandler                          0x08000163   Thumb Code     0  startup_stm32f10x_hd.o(.text)
    CAN1_RX1_IRQHandler                      0x08000163   Thumb Code     0  startup_stm32f10x_hd.o(.text)
    CAN1_SCE_IRQHandler                      0x08000163   Thumb Code     0  startup_stm32f10x_hd.o(.text)
    DMA1_Channel1_IRQHandler                 0x08000163   Thumb Code     0  startup_stm32f10x_hd.o(.text)
    DMA1_Channel3_IRQHandler                 0x08000163   Thumb Code     0  startup_stm32f10x_hd.o(.text)
    DMA1_Channel5_IRQHandler                 0x08000163   Thumb Code     0  startup_stm32f10x_hd.o(.text)
    DMA1_Channel6_IRQHandler                 0x08000163   Thumb Code     0  startup_stm32f10x_hd.o(.text)
    DMA1_Channel7_IRQHandler                 0x08000163   Thumb Code     0  startup_stm32f10x_hd.o(.text)
    DMA2_Channel1_IRQHandler                 0x08000163   Thumb Code     0  startup_stm32f10x_hd.o(.text)
    DMA2_Channel2_IRQHandler                 0x08000163   Thumb Code     0  startup_stm32f10x_hd.o(.text)
    DMA2_Channel3_IRQHandler                 0x08000163   Thumb Code     0  startup_stm32f10x_hd.o(.text)
    EXTI0_IRQHandler                         0x08000163   Thumb Code     0  startup_stm32f10x_hd.o(.text)
    EXTI15_10_IRQHandler                     0x08000163   Thumb Code     0  startup_stm32f10x_hd.o(.text)
    EXTI1_IRQHandler                         0x08000163   Thumb Code     0  startup_stm32f10x_hd.o(.text)
    EXTI2_IRQHandler                         0x08000163   Thumb Code     0  startup_stm32f10x_hd.o(.text)
    EXTI3_IRQHandler                         0x08000163   Thumb Code     0  startup_stm32f10x_hd.o(.text)
    EXTI4_IRQHandler                         0x08000163   Thumb Code     0  startup_stm32f10x_hd.o(.text)
    FLASH_IRQHandler                         0x08000163   Thumb Code     0  startup_stm32f10x_hd.o(.text)
    FSMC_IRQHandler                          0x08000163   Thumb Code     0  startup_stm32f10x_hd.o(.text)
    I2C1_ER_IRQHandler                       0x08000163   Thumb Code     0  startup_stm32f10x_hd.o(.text)
    I2C1_EV_IRQHandler                       0x08000163   Thumb Code     0  startup_stm32f10x_hd.o(.text)
    I2C2_ER_IRQHandler                       0x08000163   Thumb Code     0  startup_stm32f10x_hd.o(.text)
    I2C2_EV_IRQHandler                       0x08000163   Thumb Code     0  startup_stm32f10x_hd.o(.text)
    PVD_IRQHandler                           0x08000163   Thumb Code     0  startup_stm32f10x_hd.o(.text)
    RCC_IRQHandler                           0x08000163   Thumb Code     0  startup_stm32f10x_hd.o(.text)
    RTCAlarm_IRQHandler                      0x08000163   Thumb Code     0  startup_stm32f10x_hd.o(.text)
    RTC_IRQHandler                           0x08000163   Thumb Code     0  startup_stm32f10x_hd.o(.text)
    SDIO_IRQHandler                          0x08000163   Thumb Code     0  startup_stm32f10x_hd.o(.text)
    SPI1_IRQHandler                          0x08000163   Thumb Code     0  startup_stm32f10x_hd.o(.text)
    SPI2_IRQHandler                          0x08000163   Thumb Code     0  startup_stm32f10x_hd.o(.text)
    SPI3_IRQHandler                          0x08000163   Thumb Code     0  startup_stm32f10x_hd.o(.text)
    TAMPER_IRQHandler                        0x08000163   Thumb Code     0  startup_stm32f10x_hd.o(.text)
    TIM1_BRK_IRQHandler                      0x08000163   Thumb Code     0  startup_stm32f10x_hd.o(.text)
    TIM1_CC_IRQHandler                       0x08000163   Thumb Code     0  startup_stm32f10x_hd.o(.text)
    TIM1_TRG_COM_IRQHandler                  0x08000163   Thumb Code     0  startup_stm32f10x_hd.o(.text)
    TIM1_UP_IRQHandler                       0x08000163   Thumb Code     0  startup_stm32f10x_hd.o(.text)
    TIM2_IRQHandler                          0x08000163   Thumb Code     0  startup_stm32f10x_hd.o(.text)
    TIM3_IRQHandler                          0x08000163   Thumb Code     0  startup_stm32f10x_hd.o(.text)
    TIM5_IRQHandler                          0x08000163   Thumb Code     0  startup_stm32f10x_hd.o(.text)
    TIM7_IRQHandler                          0x08000163   Thumb Code     0  startup_stm32f10x_hd.o(.text)
    TIM8_BRK_IRQHandler                      0x08000163   Thumb Code     0  startup_stm32f10x_hd.o(.text)
    TIM8_CC_IRQHandler                       0x08000163   Thumb Code     0  startup_stm32f10x_hd.o(.text)
    TIM8_TRG_COM_IRQHandler                  0x08000163   Thumb Code     0  startup_stm32f10x_hd.o(.text)
    TIM8_UP_IRQHandler                       0x08000163   Thumb Code     0  startup_stm32f10x_hd.o(.text)
    USBWakeUp_IRQHandler                     0x08000163   Thumb Code     0  startup_stm32f10x_hd.o(.text)
    USB_HP_CAN1_TX_IRQHandler                0x08000163   Thumb Code     0  startup_stm32f10x_hd.o(.text)
    USB_LP_CAN1_RX0_IRQHandler               0x08000163   Thumb Code     0  startup_stm32f10x_hd.o(.text)
    WWDG_IRQHandler                          0x08000163   Thumb Code     0  startup_stm32f10x_hd.o(.text)
    __cpp_initialize__aeabi_                 0x0800016d   Thumb Code    22  cpp_init.o(.text)
    __aeabi_fadd                             0x0800018d   Thumb Code   164  fadd.o(.text)
    __aeabi_fsub                             0x08000231   Thumb Code     6  fadd.o(.text)
    __aeabi_frsub                            0x08000237   Thumb Code     6  fadd.o(.text)
    __aeabi_fmul                             0x0800023d   Thumb Code   100  fmul.o(.text)
    __aeabi_fdiv                             0x080002a1   Thumb Code   124  fdiv.o(.text)
    __aeabi_dadd                             0x0800031d   Thumb Code   322  dadd.o(.text)
    __aeabi_dsub                             0x0800045f   Thumb Code     6  dadd.o(.text)
    __aeabi_drsub                            0x08000465   Thumb Code     6  dadd.o(.text)
    __aeabi_dmul                             0x0800046b   Thumb Code   228  dmul.o(.text)
    __aeabi_ddiv                             0x0800054f   Thumb Code   222  ddiv.o(.text)
    __aeabi_i2f                              0x0800062d   Thumb Code    18  fflti.o(.text)
    __aeabi_ui2f                             0x0800063f   Thumb Code    10  ffltui.o(.text)
    __aeabi_ui2d                             0x08000649   Thumb Code    26  dfltui.o(.text)
    __aeabi_f2iz                             0x08000663   Thumb Code    50  ffixi.o(.text)
    __aeabi_f2d                              0x08000695   Thumb Code    38  f2d.o(.text)
    __aeabi_d2f                              0x080006bb   Thumb Code    56  d2f.o(.text)
    __aeabi_llsl                             0x080006f3   Thumb Code    30  llshl.o(.text)
    _ll_shift_l                              0x080006f3   Thumb Code     0  llshl.o(.text)
    __aeabi_lasr                             0x08000711   Thumb Code    36  llsshr.o(.text)
    _ll_sshift_r                             0x08000711   Thumb Code     0  llsshr.o(.text)
    __I$use$fp                               0x08000735   Thumb Code     0  iusefp.o(.text)
    __rt_ddtor_pointer_addr                  0x08000735   Thumb Code     4  cpp_dtor.o(.text)
    __rt_lib_shutdown_cpp_1                  0x0800073d   Thumb Code     2  cpp_final.o(.text)
    _float_round                             0x0800073f   Thumb Code    18  fepilogue.o(.text)
    _float_epilogue                          0x08000751   Thumb Code    92  fepilogue.o(.text)
    _double_round                            0x080007ad   Thumb Code    30  depilogue.o(.text)
    _double_epilogue                         0x080007cb   Thumb Code   156  depilogue.o(.text)
    __scatterload                            0x08000869   Thumb Code    28  init.o(.text)
    __scatterload_rt2                        0x08000869   Thumb Code     0  init.o(.text)
    __aeabi_llsr                             0x0800088d   Thumb Code    32  llushr.o(.text)
    _ll_ushift_r                             0x0800088d   Thumb Code     0  llushr.o(.text)
    __decompress                             0x080008ad   Thumb Code     0  __dczerorl2.o(.text)
    __decompress1                            0x080008ad   Thumb Code    86  __dczerorl2.o(.text)
    ANO_DT_Data_Exchange                     0x08000905   Thumb Code   540  datatransfor.o(i.ANO_DT_Data_Exchange)
    ANO_DT_Data_Receive_Anl                  0x08000b4d   Thumb Code   176  datatransfor.o(i.ANO_DT_Data_Receive_Anl)
    ANO_DT_Data_Receive_Prepare              0x08000c01   Thumb Code   216  datatransfor.o(i.ANO_DT_Data_Receive_Prepare)
    ANO_DT_Send_MotoPWM                      0x08000ce9   Thumb Code   296  datatransfor.o(i.ANO_DT_Send_MotoPWM)
    ANO_DT_Send_Mypara                       0x08000e15   Thumb Code   510  datatransfor.o(i.ANO_DT_Send_Mypara)
    ANO_DT_Send_RCData                       0x0800101d   Thumb Code   352  datatransfor.o(i.ANO_DT_Send_RCData)
    ANO_DT_Send_Version                      0x08001181   Thumb Code   198  datatransfor.o(i.ANO_DT_Send_Version)
    AnalysePacket_APM                        0x0800124d   Thumb Code   388  usart.o(i.AnalysePacket_APM)
    BusFault_Handler                         0x080013d9   Thumb Code     4  stm32f10x_it.o(i.BusFault_Handler)
    DMA1_Channel2_IRQHandler                 0x080013dd   Thumb Code    24  stm32f10x_it.o(i.DMA1_Channel2_IRQHandler)
    DMA1_Channel4_IRQHandler                 0x080013fd   Thumb Code    26  stm32f10x_it.o(i.DMA1_Channel4_IRQHandler)
    DMA2_Channel4_5_IRQHandler               0x08001421   Thumb Code    18  stm32f10x_it.o(i.DMA2_Channel4_5_IRQHandler)
    DMA_ClearFlag                            0x0800143d   Thumb Code    18  stm32f10x_dma.o(i.DMA_ClearFlag)
    DMA_Cmd                                  0x08001459   Thumb Code    24  stm32f10x_dma.o(i.DMA_Cmd)
    DMA_DeInit                               0x08001471   Thumb Code   324  stm32f10x_dma.o(i.DMA_DeInit)
    DMA_GetCurrDataCounter                   0x080015bd   Thumb Code     8  stm32f10x_dma.o(i.DMA_GetCurrDataCounter)
    DMA_ITConfig                             0x080015c5   Thumb Code    18  stm32f10x_dma.o(i.DMA_ITConfig)
    DMA_Init                                 0x080015d7   Thumb Code    60  stm32f10x_dma.o(i.DMA_Init)
    DMA_SetCurrDataCounter                   0x08001613   Thumb Code     4  stm32f10x_dma.o(i.DMA_SetCurrDataCounter)
    DebugMon_Handler                         0x08001617   Thumb Code     2  stm32f10x_it.o(i.DebugMon_Handler)
    EXTI9_5_IRQHandler                       0x08001619   Thumb Code    96  ultrasonic.o(i.EXTI9_5_IRQHandler)
    EXTI_ClearFlag                           0x08001689   Thumb Code     6  stm32f10x_exti.o(i.EXTI_ClearFlag)
    EXTI_ClearITPendingBit                   0x08001695   Thumb Code     6  stm32f10x_exti.o(i.EXTI_ClearITPendingBit)
    EXTI_GetFlagStatus                       0x080016a1   Thumb Code    20  stm32f10x_exti.o(i.EXTI_GetFlagStatus)
    EXTI_Init                                0x080016b9   Thumb Code   142  stm32f10x_exti.o(i.EXTI_Init)
    GPIO_EXTILineConfig                      0x0800174d   Thumb Code    60  stm32f10x_gpio.o(i.GPIO_EXTILineConfig)
    GPIO_Init                                0x0800178d   Thumb Code   278  stm32f10x_gpio.o(i.GPIO_Init)
    GPIO_ReadInputDataBit                    0x080018a3   Thumb Code    18  stm32f10x_gpio.o(i.GPIO_ReadInputDataBit)
    GPIO_ResetBits                           0x080018b5   Thumb Code     4  stm32f10x_gpio.o(i.GPIO_ResetBits)
    GPIO_SetBits                             0x080018b9   Thumb Code     4  stm32f10x_gpio.o(i.GPIO_SetBits)
    HardFault_Handler                        0x080018bd   Thumb Code     4  stm32f10x_it.o(i.HardFault_Handler)
    Kalman_Filter_Init                       0x080018c1   Thumb Code   142  usart.o(i.Kalman_Filter_Init)
    MemManage_Handler                        0x0800196d   Thumb Code     4  stm32f10x_it.o(i.MemManage_Handler)
    NMI_Handler                              0x08001971   Thumb Code     2  stm32f10x_it.o(i.NMI_Handler)
    NVIC_Init                                0x08001975   Thumb Code   100  misc.o(i.NVIC_Init)
    NVIC_PriorityGroupConfig                 0x080019e5   Thumb Code    10  misc.o(i.NVIC_PriorityGroupConfig)
    PendSV_Handler                           0x080019f9   Thumb Code     2  stm32f10x_it.o(i.PendSV_Handler)
    RCC_AHBPeriphClockCmd                    0x080019fd   Thumb Code    26  stm32f10x_rcc.o(i.RCC_AHBPeriphClockCmd)
    RCC_APB1PeriphClockCmd                   0x08001a1d   Thumb Code    26  stm32f10x_rcc.o(i.RCC_APB1PeriphClockCmd)
    RCC_APB2PeriphClockCmd                   0x08001a3d   Thumb Code    26  stm32f10x_rcc.o(i.RCC_APB2PeriphClockCmd)
    RCC_GetClocksFreq                        0x08001a5d   Thumb Code   192  stm32f10x_rcc.o(i.RCC_GetClocksFreq)
    SVC_Handler                              0x08001b31   Thumb Code     2  stm32f10x_it.o(i.SVC_Handler)
    SysTick_CLKSourceConfig                  0x08001b33   Thumb Code    40  misc.o(i.SysTick_CLKSourceConfig)
    SysTick_Handler                          0x08001b5d   Thumb Code    12  stm32f10x_it.o(i.SysTick_Handler)
    SystemInit                               0x08001b6d   Thumb Code    78  system_stm32f10x.o(i.SystemInit)
    TIM4_IRQHandler                          0x08001bcd   Thumb Code    10  stm32f10x_it.o(i.TIM4_IRQHandler)
    TIM6_IRQHandler                          0x08001bdd   Thumb Code    46  stm32f10x_it.o(i.TIM6_IRQHandler)
    TIM_ClearFlag                            0x08001c1d   Thumb Code     6  stm32f10x_tim.o(i.TIM_ClearFlag)
    TIM_ClearITPendingBit                    0x08001c23   Thumb Code     6  stm32f10x_tim.o(i.TIM_ClearITPendingBit)
    TIM_Cmd                                  0x08001c29   Thumb Code    24  stm32f10x_tim.o(i.TIM_Cmd)
    TIM_GetCapture1                          0x08001c41   Thumb Code     6  stm32f10x_tim.o(i.TIM_GetCapture1)
    TIM_GetCapture2                          0x08001c47   Thumb Code     6  stm32f10x_tim.o(i.TIM_GetCapture2)
    TIM_GetCapture3                          0x08001c4d   Thumb Code     6  stm32f10x_tim.o(i.TIM_GetCapture3)
    TIM_GetCapture4                          0x08001c53   Thumb Code     8  stm32f10x_tim.o(i.TIM_GetCapture4)
    TIM_GetCounter                           0x08001c5b   Thumb Code     6  stm32f10x_tim.o(i.TIM_GetCounter)
    TIM_GetITStatus                          0x08001c61   Thumb Code    34  stm32f10x_tim.o(i.TIM_GetITStatus)
    TIM_ITConfig                             0x08001c83   Thumb Code    18  stm32f10x_tim.o(i.TIM_ITConfig)
    TIM_OC1PolarityConfig                    0x08001c95   Thumb Code    18  stm32f10x_tim.o(i.TIM_OC1PolarityConfig)
    TIM_OC2PolarityConfig                    0x08001ca7   Thumb Code    26  stm32f10x_tim.o(i.TIM_OC2PolarityConfig)
    TIM_OC3PolarityConfig                    0x08001cc1   Thumb Code    26  stm32f10x_tim.o(i.TIM_OC3PolarityConfig)
    TIM_OC4PolarityConfig                    0x08001cdb   Thumb Code    26  stm32f10x_tim.o(i.TIM_OC4PolarityConfig)
    TIM_SetCounter                           0x08001cf5   Thumb Code     4  stm32f10x_tim.o(i.TIM_SetCounter)
    TIM_TimeBaseInit                         0x08001cf9   Thumb Code   122  stm32f10x_tim.o(i.TIM_TimeBaseInit)
    UART4_IRQHandler                         0x08001d9d   Thumb Code    66  stm32f10x_it.o(i.UART4_IRQHandler)
    UART5_IRQHandler                         0x08001de5   Thumb Code     2  stm32f10x_it.o(i.UART5_IRQHandler)
    USART1_IRQHandler                        0x08001de9   Thumb Code   118  stm32f10x_it.o(i.USART1_IRQHandler)
    USART2_IRQHandler                        0x08001e71   Thumb Code   128  stm32f10x_it.o(i.USART2_IRQHandler)
    USART3_IRQHandler                        0x08001f01   Thumb Code    86  stm32f10x_it.o(i.USART3_IRQHandler)
    USART_ClearFlag                          0x08001f65   Thumb Code    18  stm32f10x_usart.o(i.USART_ClearFlag)
    USART_Cmd                                0x08001f77   Thumb Code    24  stm32f10x_usart.o(i.USART_Cmd)
    USART_DMACmd                             0x08001f8f   Thumb Code    18  stm32f10x_usart.o(i.USART_DMACmd)
    USART_GetITStatus                        0x08001fa1   Thumb Code    84  stm32f10x_usart.o(i.USART_GetITStatus)
    USART_ITConfig                           0x08001ff5   Thumb Code    74  stm32f10x_usart.o(i.USART_ITConfig)
    USART_Init                               0x08002041   Thumb Code   210  stm32f10x_usart.o(i.USART_Init)
    UsageFault_Handler                       0x08002119   Thumb Code     4  stm32f10x_it.o(i.UsageFault_Handler)
    delay_init(unsigned char)                0x0800211d   Thumb Code    54  delay.o(i._Z10delay_inith)
    Get_Flow_Data(unsigned char*, int)       0x08002165   Thumb Code   128  flow.o(i._Z13Get_Flow_DataPhi)
    KalmanFilter_vx(double)                  0x080021ed   Thumb Code   172  usart.o(i._Z15KalmanFilter_vxd)
    KalmanFilter_vy(double)                  0x080022ad   Thumb Code   172  usart.o(i._Z15KalmanFilter_vyd)
    ANO_DT_Send_Data(unsigned char*, unsigned char) 0x0800244d   Thumb Code    18  datatransfor.o(i._Z16ANO_DT_Send_DataPhh)
    Get_Flow_Prepare(unsigned char)          0x08002469   Thumb Code   246  flow.o(i._Z16Get_Flow_Prepareh)
    Analysis_board_Init()                    0x080025b9   Thumb Code   142  init.o(i._Z19Analysis_board_Initv)
    delay_us(unsigned)                       0x08002661   Thumb Code    56  delay.o(i._Z8delay_usj)
    PWMIN_CONF::PWMIN_Intterupt()            0x0800269d   Thumb Code   484  pwmin.o(i._ZN10PWMIN_CONF15PWMIN_IntteruptEv)
    PWMIN_CONF::PWMIN_CONF()                 0x08002889   Thumb Code    44  pwmin.o(i._ZN10PWMIN_CONFC1Ev)
    PWMIN_CONF::PWMIN_CONF__sub_object()     0x08002889   Thumb Code     0  pwmin.o(i._ZN10PWMIN_CONFC1Ev)
    SYSTIME_CONF::Duty_100ms()               0x080028b5   Thumb Code     2  systime.o(i._ZN12SYSTIME_CONF10Duty_100msEv)
    SYSTIME_CONF::Duty_500ms()               0x080028b7   Thumb Code     2  systime.o(i._ZN12SYSTIME_CONF10Duty_500msEv)
    SYSTIME_CONF::Loop_check()               0x080028b9   Thumb Code    82  systime.o(i._ZN12SYSTIME_CONF10Loop_checkEv)
    SYSTIME_CONF::Get_Cycle_T(unsigned char) 0x0800290d   Thumb Code   114  systime.o(i._ZN12SYSTIME_CONF11Get_Cycle_TEh)
    SYSTIME_CONF::GetSysTime_us()            0x08002989   Thumb Code   108  systime.o(i._ZN12SYSTIME_CONF13GetSysTime_usEv)
    SYSTIME_CONF::TIM6_Configuration()       0x080029fd   Thumb Code    90  systime.o(i._ZN12SYSTIME_CONF18TIM6_ConfigurationEv)
    SYSTIME_CONF::SysTick_Configuration()    0x08002a5d   Thumb Code   106  systime.o(i._ZN12SYSTIME_CONF21SysTick_ConfigurationEv)
    SYSTIME_CONF::Duty_1ms()                 0x08002ad1   Thumb Code    10  systime.o(i._ZN12SYSTIME_CONF8Duty_1msEv)
    SYSTIME_CONF::Duty_2ms()                 0x08002adb   Thumb Code     2  systime.o(i._ZN12SYSTIME_CONF8Duty_2msEv)
    SYSTIME_CONF::Duty_5ms()                 0x08002add   Thumb Code    44  systime.o(i._ZN12SYSTIME_CONF8Duty_5msEv)
    SYSTIME_CONF::Duty_10ms()                0x08002b19   Thumb Code    18  systime.o(i._ZN12SYSTIME_CONF9Duty_10msEv)
    SYSTIME_CONF::Duty_20ms()                0x08002b35   Thumb Code    16  systime.o(i._ZN12SYSTIME_CONF9Duty_20msEv)
    SYSTIME_CONF::Duty_50ms()                0x08002b49   Thumb Code    20  systime.o(i._ZN12SYSTIME_CONF9Duty_50msEv)
    SYSTIME_CONF::Duty_Loop()                0x08002b69   Thumb Code   150  systime.o(i._ZN12SYSTIME_CONF9Duty_LoopEv)
    Usart::Byte2Float(unsigned char*)        0x08002bff   Thumb Code     6  usart.o(i._ZN5Usart10Byte2FloatEPh)
    Usart::Float2Byte(float, unsigned char*) 0x08002c05   Thumb Code    26  usart.o(i._ZN5Usart10Float2ByteEfPh)
    Usart::Usart_Init(int, unsigned)         0x08002c21   Thumb Code  1260  usart.o(i._ZN5Usart10Usart_InitEij)
    Usart::Reserve_Send(unsigned char*, unsigned char) 0x08003115   Thumb Code    68  usart.o(i._ZN5Usart12Reserve_SendEPhh)
    Usart::Target_V_Get(float, float, float) 0x08003165   Thumb Code   200  usart.o(i._ZN5Usart12Target_V_GetEfff)
    Usart::generatePacket_ToAPM(unsigned char*, int) 0x08003241   Thumb Code   340  usart.o(i._ZN5Usart20generatePacket_ToAPMEPhi)
    Usart::Target_VisonData_Deal(float)      0x0800339d   Thumb Code    84  usart.o(i._ZN5Usart21Target_VisonData_DealEf)
    Usart::~Usart()                          0x080033f5   Thumb Code     2  usart.o(i._ZN5UsartD1Ev)
    Usart::~Usart__sub_object()              0x080033f5   Thumb Code     0  usart.o(i._ZN5UsartD1Ev)
    UltraConf::sonar_read(float*, float*)    0x080033f9   Thumb Code    28  ultrasonic.o(i._ZN9UltraConf10sonar_readEPfS0_)
    UltraConf::Ultran_Init()                 0x0800341d   Thumb Code   190  ultrasonic.o(i._ZN9UltraConf11Ultran_InitEv)
    UltraConf::sonar_filter()                0x080034e1   Thumb Code    82  ultrasonic.o(i._ZN9UltraConf12sonar_filterEv)
    UltraConf::Ultra_Ranging()               0x08003549   Thumb Code    28  ultrasonic.o(i._ZN9UltraConf13Ultra_RangingEv)
    UltraConf::Ultra_Distance()              0x08003569   Thumb Code    48  ultrasonic.o(i._ZN9UltraConf14Ultra_DistanceEv)
    UltraConf::TIM2_Init(unsigned, unsigned) 0x080035ad   Thumb Code    58  ultrasonic.o(i._ZN9UltraConf9TIM2_InitEjj)
    __aeabi_atexit                           0x080035e7   Thumb Code    50  aeabi_atexit.o(i.__aeabi_atexit)
    __cxa_finalize                           0x08003619   Thumb Code    66  cxa_finalize.o(i.__cxa_finalize)
    __scatterload_copy                       0x0800365b   Thumb Code    14  handlers.o(i.__scatterload_copy)
    __scatterload_null                       0x08003669   Thumb Code     2  handlers.o(i.__scatterload_null)
    __scatterload_zeroinit                   0x0800366b   Thumb Code    14  handlers.o(i.__scatterload_zeroinit)
    analysePacket                            0x08003715   Thumb Code   276  usart.o(i.analysePacket)
    free                                     0x08003831   Thumb Code    76  malloc.o(i.free)
    main                                     0x08003881   Thumb Code    14  main.o(i.main)
    malloc                                   0x08003895   Thumb Code    92  malloc.o(i.malloc)
    Region$$Table$$Base                      0x08003900   Number         0  anon$$obj.o(Region$$Table)
    Region$$Table$$Limit                     0x08003920   Number         0  anon$$obj.o(Region$$Table)
    SHT$$INIT_ARRAY$$Base                    0x08003920   Number         0  marvlink.o(.init_array)
    SHT$$INIT_ARRAY$$Limit                   0x08003930   Number         0  cpp_init.o(.init_array)
    mavMsgFunc                               0x20000014   Data           1  marvlink.o(.data)
    mavMsgFlag                               0x20000015   Data           7  marvlink.o(.data)
    lat                                      0x2000001c   Data           4  marvlink.o(.data)
    lng                                      0x20000020   Data           4  marvlink.o(.data)
    packetcount                              0x20000024   Data           4  marvlink.o(.data)
    apmMAV                                   0x20000030   Data           1  usart.o(.data)
    Flow                                     0x20000031   Data           1  usart.o(.data)
    AnalysisUsart                            0x20000032   Data           1  usart.o(.data)
    ReserveUsart                             0x20000033   Data           1  usart.o(.data)
    ProcessNiose_Q_x                         0x20000038   Data           8  usart.o(.data)
    ProcessNiose_Q_y                         0x20000040   Data           8  usart.o(.data)
    MeasureNoise_R_x                         0x20000048   Data           8  usart.o(.data)
    MeasureNoise_R_y                         0x20000050   Data           8  usart.o(.data)
    InitialPrediction                        0x20000058   Data           8  usart.o(.data)
    ProcessNiose_Q_pos_x                     0x20000060   Data           8  usart.o(.data)
    ProcessNiose_Q_pos_y                     0x20000068   Data           8  usart.o(.data)
    MeasureNoise_R_pos_x                     0x20000070   Data           8  usart.o(.data)
    MeasureNoise_R_pos_y                     0x20000078   Data           8  usart.o(.data)
    InitialPrediction_pos                    0x20000080   Data           8  usart.o(.data)
    k_camera_Groy_x                          0x20000090   Data           4  usart.o(.data)
    k_camera_Groy_y                          0x20000094   Data           4  usart.o(.data)
    DATA_PC_OK                               0x20000098   Data           1  usart.o(.data)
    k_camera_x                               0x2000009c   Data           4  usart.o(.data)
    k_camera_y                               0x200000a0   Data           4  usart.o(.data)
    camera_view                              0x200000a4   Data           4  usart.o(.data)
    TxCounter                                0x200000e8   Data           1  stm32f10x_it.o(.data)
    _tcount                                  0x200000e9   Data           1  stm32f10x_it.o(.data)
    t                                        0x200000f0   Data           8  stm32f10x_it.o(.data)
    count                                    0x200000f8   Data           4  stm32f10x_it.o(.data)
    TimeSleep                                0x20000100   Data           5  systime.o(.data)
    sysTickUptime                            0x20000108   Data           4  systime.o(.data)
    ultra_count                              0x20000118   Data           4  ultrasonic.o(.data)
    distance                                 0x2000011c   Data           4  ultrasonic.o(.data)
    Ultra_OK                                 0x20000120   Data           4  ultrasonic.o(.data)
    sonar_distance_filtered                  0x20000124   Data           4  ultrasonic.o(.data)
    sonar_distance_raw                       0x20000128   Data           4  ultrasonic.o(.data)
    distance_valid                           0x2000012c   Data           1  ultrasonic.o(.data)
    x_pred                                   0x20000154   Data           4  ultrasonic.o(.data)
    v_pred                                   0x20000158   Data           4  ultrasonic.o(.data)
    x_post                                   0x2000015c   Data           4  ultrasonic.o(.data)
    v_post                                   0x20000160   Data           4  ultrasonic.o(.data)
    sonar_raw                                0x20000164   Data           4  ultrasonic.o(.data)
    sonar_valid                              0x20000168   Data           1  ultrasonic.o(.data)
    __microlib_freelist                      0x20000170   Data           4  mvars.o(.data)
    __microlib_freelist_initialised          0x20000174   Data           4  mvars.o(.data)
    Para_Flow                                0x20000178   Data          28  flow.o(.bss)
    Para_APM                                 0x200001c6   Data          56  usart.o(.bss)
    Para_pos                                 0x200001fe   Data          66  usart.o(.bss)
    SEND2_APM                                0x20000240   Data         100  usart.o(.bss)
    GET_APM                                  0x200002a4   Data         100  usart.o(.bss)
    From_PC                                  0x20000308   Data          60  usart.o(.bss)
    SEND2_PC                                 0x20000344   Data          60  usart.o(.bss)
    filter_vx                                0x20000380   Data          88  usart.o(.bss)
    filter_vy                                0x200003d8   Data          88  usart.o(.bss)
    DataFromPC                               0x20000430   Data          60  stm32f10x_it.o(.bss)
    TxBuffer                                 0x2000046c   Data         256  stm32f10x_it.o(.bss)
    DataFromAPM                              0x2000056c   Data         100  stm32f10x_it.o(.bss)
    PWMIN                                    0x200005d0   Data          52  pwmin.o(.bss)
    Sys_Time                                 0x20000640   Data          20  systime.o(.bss)
    f                                        0x20000654   Data          14  datatransfor.o(.bss)
    data_to_send                             0x20000662   Data          50  datatransfor.o(.bss)
    Ultra_Dis                                0x200006c8   Data          20  ultrasonic.o(.bss)
    Sonar                                    0x200006dc   Data          18  ultrasonic.o(.bss)
    average_sonar                            0x200006f0   Data          20  ultrasonic.o(.bss)
    __heap_base                              0x20000708   Data           0  startup_stm32f10x_hd.o(HEAP)
    __heap_limit                             0x20000908   Data           0  startup_stm32f10x_hd.o(HEAP)
    __initial_sp                             0x20000d08   Data           0  startup_stm32f10x_hd.o(STACK)



==============================================================================

Memory Map of the image

  Image Entry point : 0x08000131

  Load Region LR_IROM1 (Base: 0x08000000, Size: 0x00003aa8, Max: 0x00080000, ABSOLUTE, COMPRESSED[0x00003968])

    Execution Region ER_IROM1 (Base: 0x08000000, Size: 0x00003930, Max: 0x00080000, ABSOLUTE)

    Base Addr    Size         Type   Attr      Idx    E Section Name        Object

    0x08000000   0x00000130   Data   RO            3    RESET               startup_stm32f10x_hd.o
    0x08000130   0x00000000   Code   RO         4554  * .ARM.Collect$$$$00000000  mc_w.l(entry.o)
    0x08000130   0x00000004   Code   RO         4601    .ARM.Collect$$$$00000001  mc_w.l(entry2.o)
    0x08000134   0x00000004   Code   RO         4604    .ARM.Collect$$$$00000004  mc_w.l(entry5.o)
    0x08000138   0x00000000   Code   RO         4606    .ARM.Collect$$$$00000008  mc_w.l(entry7b.o)
    0x08000138   0x00000004   Code   RO         4607    .ARM.Collect$$$$00000009  mc_w.l(entry8a.o)
    0x0800013c   0x00000000   Code   RO         4608    .ARM.Collect$$$$0000000A  mc_w.l(entry8b.o)
    0x0800013c   0x00000008   Code   RO         4609    .ARM.Collect$$$$0000000B  mc_w.l(entry9a.o)
    0x08000144   0x00000000   Code   RO         4611    .ARM.Collect$$$$0000000D  mc_w.l(entry10a.o)
    0x08000144   0x00000000   Code   RO         4613    .ARM.Collect$$$$0000000F  mc_w.l(entry11a.o)
    0x08000144   0x00000004   Code   RO         4602    .ARM.Collect$$$$00002712  mc_w.l(entry2.o)
    0x08000148   0x00000024   Code   RO            4    .text               startup_stm32f10x_hd.o
    0x0800016c   0x00000020   Code   RO         4564    .text               mc_w.l(cpp_init.o)
    0x0800018c   0x000000b0   Code   RO         4566    .text               mf_w.l(fadd.o)
    0x0800023c   0x00000064   Code   RO         4568    .text               mf_w.l(fmul.o)
    0x080002a0   0x0000007c   Code   RO         4570    .text               mf_w.l(fdiv.o)
    0x0800031c   0x0000014e   Code   RO         4572    .text               mf_w.l(dadd.o)
    0x0800046a   0x000000e4   Code   RO         4574    .text               mf_w.l(dmul.o)
    0x0800054e   0x000000de   Code   RO         4576    .text               mf_w.l(ddiv.o)
    0x0800062c   0x00000012   Code   RO         4578    .text               mf_w.l(fflti.o)
    0x0800063e   0x0000000a   Code   RO         4580    .text               mf_w.l(ffltui.o)
    0x08000648   0x0000001a   Code   RO         4582    .text               mf_w.l(dfltui.o)
    0x08000662   0x00000032   Code   RO         4584    .text               mf_w.l(ffixi.o)
    0x08000694   0x00000026   Code   RO         4588    .text               mf_w.l(f2d.o)
    0x080006ba   0x00000038   Code   RO         4592    .text               mf_w.l(d2f.o)
    0x080006f2   0x0000001e   Code   RO         4615    .text               mc_w.l(llshl.o)
    0x08000710   0x00000024   Code   RO         4617    .text               mc_w.l(llsshr.o)
    0x08000734   0x00000000   Code   RO         4647    .text               mc_w.l(iusefp.o)
    0x08000734   0x00000008   Code   RO         4648    .text               mc_w.l(cpp_dtor.o)
    0x0800073c   0x00000002   Code   RO         4651    .text               mc_w.l(cpp_final.o)
    0x0800073e   0x0000006e   Code   RO         4653    .text               mf_w.l(fepilogue.o)
    0x080007ac   0x000000ba   Code   RO         4655    .text               mf_w.l(depilogue.o)
    0x08000866   0x00000002   PAD
    0x08000868   0x00000024   Code   RO         4657    .text               mc_w.l(init.o)
    0x0800088c   0x00000020   Code   RO         4659    .text               mc_w.l(llushr.o)
    0x080008ac   0x00000056   Code   RO         4671    .text               mc_w.l(__dczerorl2.o)
    0x08000902   0x00000002   PAD
    0x08000904   0x00000248   Code   RO         4308    i.ANO_DT_Data_Exchange  datatransfor.o
    0x08000b4c   0x000000b4   Code   RO         4309    i.ANO_DT_Data_Receive_Anl  datatransfor.o
    0x08000c00   0x000000e8   Code   RO         4310    i.ANO_DT_Data_Receive_Prepare  datatransfor.o
    0x08000ce8   0x0000012c   Code   RO         4311    i.ANO_DT_Send_MotoPWM  datatransfor.o
    0x08000e14   0x00000208   Code   RO         4312    i.ANO_DT_Send_Mypara  datatransfor.o
    0x0800101c   0x00000164   Code   RO         4315    i.ANO_DT_Send_RCData  datatransfor.o
    0x08001180   0x000000cc   Code   RO         4318    i.ANO_DT_Send_Version  datatransfor.o
    0x0800124c   0x0000018c   Code   RO         3811    i.AnalysePacket_APM  usart.o
    0x080013d8   0x00000004   Code   RO         3973    i.BusFault_Handler  stm32f10x_it.o
    0x080013dc   0x00000020   Code   RO         3974    i.DMA1_Channel2_IRQHandler  stm32f10x_it.o
    0x080013fc   0x00000024   Code   RO         3975    i.DMA1_Channel4_IRQHandler  stm32f10x_it.o
    0x08001420   0x0000001c   Code   RO         3976    i.DMA2_Channel4_5_IRQHandler  stm32f10x_it.o
    0x0800143c   0x0000001c   Code   RO          935    i.DMA_ClearFlag     stm32f10x_dma.o
    0x08001458   0x00000018   Code   RO          937    i.DMA_Cmd           stm32f10x_dma.o
    0x08001470   0x0000014c   Code   RO          938    i.DMA_DeInit        stm32f10x_dma.o
    0x080015bc   0x00000008   Code   RO          939    i.DMA_GetCurrDataCounter  stm32f10x_dma.o
    0x080015c4   0x00000012   Code   RO          942    i.DMA_ITConfig      stm32f10x_dma.o
    0x080015d6   0x0000003c   Code   RO          943    i.DMA_Init          stm32f10x_dma.o
    0x08001612   0x00000004   Code   RO          944    i.DMA_SetCurrDataCounter  stm32f10x_dma.o
    0x08001616   0x00000002   Code   RO         3977    i.DebugMon_Handler  stm32f10x_it.o
    0x08001618   0x00000070   Code   RO         4412    i.EXTI9_5_IRQHandler  ultrasonic.o
    0x08001688   0x0000000c   Code   RO         1018    i.EXTI_ClearFlag    stm32f10x_exti.o
    0x08001694   0x0000000c   Code   RO         1019    i.EXTI_ClearITPendingBit  stm32f10x_exti.o
    0x080016a0   0x00000018   Code   RO         1022    i.EXTI_GetFlagStatus  stm32f10x_exti.o
    0x080016b8   0x00000094   Code   RO         1024    i.EXTI_Init         stm32f10x_exti.o
    0x0800174c   0x00000040   Code   RO         1424    i.GPIO_EXTILineConfig  stm32f10x_gpio.o
    0x0800178c   0x00000116   Code   RO         1427    i.GPIO_Init         stm32f10x_gpio.o
    0x080018a2   0x00000012   Code   RO         1431    i.GPIO_ReadInputDataBit  stm32f10x_gpio.o
    0x080018b4   0x00000004   Code   RO         1434    i.GPIO_ResetBits    stm32f10x_gpio.o
    0x080018b8   0x00000004   Code   RO         1435    i.GPIO_SetBits      stm32f10x_gpio.o
    0x080018bc   0x00000004   Code   RO         3978    i.HardFault_Handler  stm32f10x_it.o
    0x080018c0   0x000000ac   Code   RO         3812    i.Kalman_Filter_Init  usart.o
    0x0800196c   0x00000004   Code   RO         3979    i.MemManage_Handler  stm32f10x_it.o
    0x08001970   0x00000002   Code   RO         3980    i.NMI_Handler       stm32f10x_it.o
    0x08001972   0x00000002   PAD
    0x08001974   0x00000070   Code   RO           10    i.NVIC_Init         misc.o
    0x080019e4   0x00000014   Code   RO           11    i.NVIC_PriorityGroupConfig  misc.o
    0x080019f8   0x00000002   Code   RO         3981    i.PendSV_Handler    stm32f10x_it.o
    0x080019fa   0x00000002   PAD
    0x080019fc   0x00000020   Code   RO         1908    i.RCC_AHBPeriphClockCmd  stm32f10x_rcc.o
    0x08001a1c   0x00000020   Code   RO         1909    i.RCC_APB1PeriphClockCmd  stm32f10x_rcc.o
    0x08001a3c   0x00000020   Code   RO         1911    i.RCC_APB2PeriphClockCmd  stm32f10x_rcc.o
    0x08001a5c   0x000000d4   Code   RO         1919    i.RCC_GetClocksFreq  stm32f10x_rcc.o
    0x08001b30   0x00000002   Code   RO         3982    i.SVC_Handler       stm32f10x_it.o
    0x08001b32   0x00000028   Code   RO           14    i.SysTick_CLKSourceConfig  misc.o
    0x08001b5a   0x00000002   PAD
    0x08001b5c   0x00000010   Code   RO         3983    i.SysTick_Handler   stm32f10x_it.o
    0x08001b6c   0x00000060   Code   RO         4495    i.SystemInit        system_stm32f10x.o
    0x08001bcc   0x00000010   Code   RO         3984    i.TIM4_IRQHandler   stm32f10x_it.o
    0x08001bdc   0x00000040   Code   RO         3985    i.TIM6_IRQHandler   stm32f10x_it.o
    0x08001c1c   0x00000006   Code   RO         2632    i.TIM_ClearFlag     stm32f10x_tim.o
    0x08001c22   0x00000006   Code   RO         2633    i.TIM_ClearITPendingBit  stm32f10x_tim.o
    0x08001c28   0x00000018   Code   RO         2638    i.TIM_Cmd           stm32f10x_tim.o
    0x08001c40   0x00000006   Code   RO         2653    i.TIM_GetCapture1   stm32f10x_tim.o
    0x08001c46   0x00000006   Code   RO         2654    i.TIM_GetCapture2   stm32f10x_tim.o
    0x08001c4c   0x00000006   Code   RO         2655    i.TIM_GetCapture3   stm32f10x_tim.o
    0x08001c52   0x00000008   Code   RO         2656    i.TIM_GetCapture4   stm32f10x_tim.o
    0x08001c5a   0x00000006   Code   RO         2657    i.TIM_GetCounter    stm32f10x_tim.o
    0x08001c60   0x00000022   Code   RO         2659    i.TIM_GetITStatus   stm32f10x_tim.o
    0x08001c82   0x00000012   Code   RO         2663    i.TIM_ITConfig      stm32f10x_tim.o
    0x08001c94   0x00000012   Code   RO         2669    i.TIM_OC1PolarityConfig  stm32f10x_tim.o
    0x08001ca6   0x0000001a   Code   RO         2674    i.TIM_OC2PolarityConfig  stm32f10x_tim.o
    0x08001cc0   0x0000001a   Code   RO         2679    i.TIM_OC3PolarityConfig  stm32f10x_tim.o
    0x08001cda   0x0000001a   Code   RO         2683    i.TIM_OC4PolarityConfig  stm32f10x_tim.o
    0x08001cf4   0x00000004   Code   RO         2703    i.TIM_SetCounter    stm32f10x_tim.o
    0x08001cf8   0x000000a4   Code   RO         2709    i.TIM_TimeBaseInit  stm32f10x_tim.o
    0x08001d9c   0x00000048   Code   RO         3986    i.UART4_IRQHandler  stm32f10x_it.o
    0x08001de4   0x00000002   Code   RO         3987    i.UART5_IRQHandler  stm32f10x_it.o
    0x08001de6   0x00000002   PAD
    0x08001de8   0x00000088   Code   RO         3988    i.USART1_IRQHandler  stm32f10x_it.o
    0x08001e70   0x00000090   Code   RO         3989    i.USART2_IRQHandler  stm32f10x_it.o
    0x08001f00   0x00000064   Code   RO         3990    i.USART3_IRQHandler  stm32f10x_it.o
    0x08001f64   0x00000012   Code   RO         3265    i.USART_ClearFlag   stm32f10x_usart.o
    0x08001f76   0x00000018   Code   RO         3269    i.USART_Cmd         stm32f10x_usart.o
    0x08001f8e   0x00000012   Code   RO         3270    i.USART_DMACmd      stm32f10x_usart.o
    0x08001fa0   0x00000054   Code   RO         3273    i.USART_GetITStatus  stm32f10x_usart.o
    0x08001ff4   0x0000004a   Code   RO         3275    i.USART_ITConfig    stm32f10x_usart.o
    0x0800203e   0x00000002   PAD
    0x08002040   0x000000d8   Code   RO         3276    i.USART_Init        stm32f10x_usart.o
    0x08002118   0x00000004   Code   RO         3991    i.UsageFault_Handler  stm32f10x_it.o
    0x0800211c   0x00000040   Code   RO         4178    i._Z10delay_inith   delay.o
    0x0800215c   0x00000008   Code   RO         4496    i._Z11SetSysClockv  system_stm32f10x.o
    0x08002164   0x00000088   Code   RO         3783    i._Z13Get_Flow_DataPhi  flow.o
    0x080021ec   0x000000c0   Code   RO         3814    i._Z15KalmanFilter_vxd  usart.o
    0x080022ac   0x000000c0   Code   RO         3815    i._Z15KalmanFilter_vyd  usart.o
    0x0800236c   0x000000e0   Code   RO         4497    i._Z15SetSysClockTo72v  system_stm32f10x.o
    0x0800244c   0x0000001c   Code   RO         4319    i._Z16ANO_DT_Send_DataPhh  datatransfor.o
    0x08002468   0x00000108   Code   RO         3784    i._Z16Get_Flow_Prepareh  flow.o
    0x08002570   0x00000048   Code   RO         4320    i._Z17ANO_DT_Send_Checkhh  datatransfor.o
    0x080025b8   0x000000a8   Code   RO         3766    i._Z19Analysis_board_Initv  init.o
    0x08002660   0x0000003c   Code   RO         4180    i._Z8delay_usj      delay.o
    0x0800269c   0x000001ec   Code   RO         4143    i._ZN10PWMIN_CONF15PWMIN_IntteruptEv  pwmin.o
    0x08002888   0x0000002c   Code   RO         4164    i._ZN10PWMIN_CONFC1Ev  pwmin.o
    0x080028b4   0x00000002   Code   RO         4207    i._ZN12SYSTIME_CONF10Duty_100msEv  systime.o
    0x080028b6   0x00000002   Code   RO         4208    i._ZN12SYSTIME_CONF10Duty_500msEv  systime.o
    0x080028b8   0x00000052   Code   RO         4209    i._ZN12SYSTIME_CONF10Loop_checkEv  systime.o
    0x0800290a   0x00000002   PAD
    0x0800290c   0x0000007c   Code   RO         4210    i._ZN12SYSTIME_CONF11Get_Cycle_TEh  systime.o
    0x08002988   0x00000074   Code   RO         4211    i._ZN12SYSTIME_CONF13GetSysTime_usEv  systime.o
    0x080029fc   0x00000060   Code   RO         4212    i._ZN12SYSTIME_CONF18TIM6_ConfigurationEv  systime.o
    0x08002a5c   0x00000074   Code   RO         4213    i._ZN12SYSTIME_CONF21SysTick_ConfigurationEv  systime.o
    0x08002ad0   0x0000000a   Code   RO         4214    i._ZN12SYSTIME_CONF8Duty_1msEv  systime.o
    0x08002ada   0x00000002   Code   RO         4215    i._ZN12SYSTIME_CONF8Duty_2msEv  systime.o
    0x08002adc   0x0000003c   Code   RO         4216    i._ZN12SYSTIME_CONF8Duty_5msEv  systime.o
    0x08002b18   0x0000001c   Code   RO         4217    i._ZN12SYSTIME_CONF9Duty_10msEv  systime.o
    0x08002b34   0x00000014   Code   RO         4218    i._ZN12SYSTIME_CONF9Duty_20msEv  systime.o
    0x08002b48   0x00000020   Code   RO         4219    i._ZN12SYSTIME_CONF9Duty_50msEv  systime.o
    0x08002b68   0x00000096   Code   RO         4220    i._ZN12SYSTIME_CONF9Duty_LoopEv  systime.o
    0x08002bfe   0x00000006   Code   RO         3819    i._ZN5Usart10Byte2FloatEPh  usart.o
    0x08002c04   0x0000001a   Code   RO         3820    i._ZN5Usart10Float2ByteEfPh  usart.o
    0x08002c1e   0x00000002   PAD
    0x08002c20   0x000004f4   Code   RO         3822    i._ZN5Usart10Usart_InitEij  usart.o
    0x08003114   0x00000050   Code   RO         3824    i._ZN5Usart12Reserve_SendEPhh  usart.o
    0x08003164   0x000000dc   Code   RO         3825    i._ZN5Usart12Target_V_GetEfff  usart.o
    0x08003240   0x0000015c   Code   RO         3827    i._ZN5Usart20generatePacket_ToAPMEPhi  usart.o
    0x0800339c   0x00000058   Code   RO         3828    i._ZN5Usart21Target_VisonData_DealEf  usart.o
    0x080033f4   0x00000002   Code   RO         3957    i._ZN5UsartD1Ev     usart.o
    0x080033f6   0x00000002   PAD
    0x080033f8   0x00000024   Code   RO         4414    i._ZN9UltraConf10sonar_readEPfS0_  ultrasonic.o
    0x0800341c   0x000000c4   Code   RO         4415    i._ZN9UltraConf11Ultran_InitEv  ultrasonic.o
    0x080034e0   0x00000068   Code   RO         4416    i._ZN9UltraConf12sonar_filterEv  ultrasonic.o
    0x08003548   0x00000020   Code   RO         4417    i._ZN9UltraConf13Ultra_RangingEv  ultrasonic.o
    0x08003568   0x00000044   Code   RO         4418    i._ZN9UltraConf14Ultra_DistanceEv  ultrasonic.o
    0x080035ac   0x0000003a   Code   RO         4419    i._ZN9UltraConf9TIM2_InitEjj  ultrasonic.o
    0x080035e6   0x00000032   Code   RO         4551    i.__aeabi_atexit    cpprt_w.l(aeabi_atexit.o)
    0x08003618   0x00000042   Code   RO         4598    i.__cxa_finalize    cpprt_w.l(cxa_finalize.o)
    0x0800365a   0x0000000e   Code   RO         4665    i.__scatterload_copy  mc_w.l(handlers.o)
    0x08003668   0x00000002   Code   RO         4666    i.__scatterload_null  mc_w.l(handlers.o)
    0x0800366a   0x0000000e   Code   RO         4667    i.__scatterload_zeroinit  mc_w.l(handlers.o)
    0x08003678   0x00000018   Code   RO         3616    i.__sti___12_marvlink_cpp_7411b20d  marvlink.o
    0x08003690   0x00000020   Code   RO         4420    i.__sti___14_ultrasonic_cpp_fff1e19b  ultrasonic.o
    0x080036b0   0x00000010   Code   RO         4144    i.__sti___9_PWMIN_cpp_PWMIN  pwmin.o
    0x080036c0   0x00000054   Code   RO         3829    i.__sti___9_USART_cpp_apmMAV  usart.o
    0x08003714   0x0000011c   Code   RO         3830    i.analysePacket     usart.o
    0x08003830   0x00000050   Code   RO         4619    i.free              mc_w.l(malloc.o)
    0x08003880   0x00000014   Code   RO         3536    i.main              main.o
    0x08003894   0x0000006c   Code   RO         4620    i.malloc            mc_w.l(malloc.o)
    0x08003900   0x00000020   Data   RO         4663    Region$$Table       anon$$obj.o
    0x08003920   0x00000004   Data   RO         3634    .init_array         marvlink.o
    0x08003924   0x00000004   Data   RO         3857    .init_array         usart.o
    0x08003928   0x00000004   Data   RO         4149    .init_array         pwmin.o
    0x0800392c   0x00000004   Data   RO         4432    .init_array         ultrasonic.o
    0x08003930   0x00000000   Data   RO         4562    .init_array         mc_w.l(cpp_init.o)


    Execution Region RW_IRAM1 (Base: 0x20000000, Size: 0x00000d08, Max: 0x00010000, ABSOLUTE, COMPRESSED[0x00000038])

    Base Addr    Size         Type   Attr      Idx    E Section Name        Object

    0x20000000   0x00000014   Data   RW         1971    .data               stm32f10x_rcc.o
    0x20000014   0x00000014   Data   RW         3633    .data               marvlink.o
    0x20000028   0x00000003   Data   RW         3788    .data               flow.o
    0x2000002b   0x00000005   PAD
    0x20000030   0x000000b8   Data   RW         3856    .data               usart.o
    0x200000e8   0x00000014   Data   RW         4012    .data               stm32f10x_it.o
    0x200000fc   0x00000004   Data   RW         4184    .data               delay.o
    0x20000100   0x0000000d   Data   RW         4236    .data               systime.o
    0x2000010d   0x0000000a   Data   RW         4335    .data               datatransfor.o
    0x20000117   0x00000001   PAD
    0x20000118   0x00000051   Data   RW         4431    .data               ultrasonic.o
    0x20000169   0x00000003   PAD
    0x2000016c   0x00000004   Data   RW         4649    .data               mc_w.l(cpp_dtor.o)
    0x20000170   0x00000004   Data   RW         4661    .data               mc_w.l(mvars.o)
    0x20000174   0x00000004   Data   RW         4662    .data               mc_w.l(mvars.o)
    0x20000178   0x0000004e   Zero   RW         3787    .bss                flow.o
    0x200001c6   0x0000026a   Zero   RW         3855    .bss                usart.o
    0x20000430   0x000001a0   Zero   RW         4011    .bss                stm32f10x_it.o
    0x200005d0   0x00000034   Zero   RW         4148    .bss                pwmin.o
    0x20000604   0x00000050   Zero   RW         4235    .bss                systime.o
    0x20000654   0x00000072   Zero   RW         4334    .bss                datatransfor.o
    0x200006c6   0x00000002   PAD
    0x200006c8   0x0000003c   Zero   RW         4430    .bss                ultrasonic.o
    0x20000704   0x00000004   PAD
    0x20000708   0x00000200   Zero   RW            2    HEAP                startup_stm32f10x_hd.o
    0x20000908   0x00000400   Zero   RW            1    STACK               startup_stm32f10x_hd.o


==============================================================================

Image component sizes


      Code (inc. data)   RO Data    RW Data    ZI Data      Debug   Object Name

      2476        102          0         10        114       7886   datatransfor.o
       124         14          0          4          0       1100   delay.o
       400         32          0          3         78       4605   flow.o
       168         26          0          0          0        514   init.o
        20          6          0          0          0       1011   main.o
        24          8          4         20          0      13179   marvlink.o
       172         22          0          0          0     266185   misc.o
       552         14          4          0         52       2500   pwmin.o
        36          8        304          0       1536        812   startup_stm32f10x_hd.o
       474         18          0          0          0       5239   stm32f10x_dma.o
       196         22          0          0          0       2343   stm32f10x_exti.o
       368          4          0          0          0       3970   stm32f10x_gpio.o
       670        110          0         20        416       8827   stm32f10x_it.o
       308         38          0         20          0       4718   stm32f10x_rcc.o
       384         42          0          0          0       8752   stm32f10x_tim.o
       434          6          0          0          0       5227   stm32f10x_usart.o
       328         28          0          0          0       1781   system_stm32f10x.o
       840         76          0         13         80      23322   systime.o
       638         90          4         81         60       6067   ultrasonic.o
      3358        226          4        184        618      15391   usart.o

    ----------------------------------------------------------------------
     11986        892        352        364       2960     383429   Object Totals
         0          0         32          0          0          0   (incl. Generated)
        16          0          0          9          6          0   (incl. Padding)

    ----------------------------------------------------------------------

      Code (inc. data)   RO Data    RW Data    ZI Data      Debug   Library Member Name

        50          0          0          0          0         84   aeabi_atexit.o
        66          0          0          0          0         84   cxa_finalize.o
        86          0          0          0          0          0   __dczerorl2.o
         8          4          0          4          0         68   cpp_dtor.o
         2          0          0          0          0         68   cpp_final.o
        32         10          0          0          0         80   cpp_init.o
         0          0          0          0          0          0   entry.o
         0          0          0          0          0          0   entry10a.o
         0          0          0          0          0          0   entry11a.o
         8          4          0          0          0          0   entry2.o
         4          0          0          0          0          0   entry5.o
         0          0          0          0          0          0   entry7b.o
         4          0          0          0          0          0   entry8a.o
         0          0          0          0          0          0   entry8b.o
         8          4          0          0          0          0   entry9a.o
        30          0          0          0          0          0   handlers.o
        36          8          0          0          0         68   init.o
         0          0          0          0          0          0   iusefp.o
        30          0          0          0          0         68   llshl.o
        36          0          0          0          0         68   llsshr.o
        32          0          0          0          0         68   llushr.o
       188         20          0          0          0        160   malloc.o
         0          0          0          8          0          0   mvars.o
        56          0          0          0          0         88   d2f.o
       334          0          0          0          0        148   dadd.o
       222          0          0          0          0        100   ddiv.o
       186          0          0          0          0        176   depilogue.o
        26          0          0          0          0         76   dfltui.o
       228          0          0          0          0         96   dmul.o
        38          0          0          0          0         68   f2d.o
       176          0          0          0          0        140   fadd.o
       124          0          0          0          0         88   fdiv.o
       110          0          0          0          0        168   fepilogue.o
        50          0          0          0          0         68   ffixi.o
        18          0          0          0          0         68   fflti.o
        10          0          0          0          0         68   ffltui.o
       100          0          0          0          0         76   fmul.o

    ----------------------------------------------------------------------
      2302         50          0         12          0       2244   Library Totals
         4          0          0          0          0          0   (incl. Padding)

    ----------------------------------------------------------------------

      Code (inc. data)   RO Data    RW Data    ZI Data      Debug   Library Name

       116          0          0          0          0        168   cpprt_w.l
       504         50          0         12          0        648   mc_w.l
      1678          0          0          0          0       1428   mf_w.l

    ----------------------------------------------------------------------
      2302         50          0         12          0       2244   Library Totals

    ----------------------------------------------------------------------

==============================================================================


      Code (inc. data)   RO Data    RW Data    ZI Data      Debug   

     14288        942        352        376       2960     378729   Grand Totals
     14288        942        352         56       2960     378729   ELF Image Totals (compressed)
     14288        942        352         56          0          0   ROM Totals

==============================================================================

    Total RO  Size (Code + RO Data)                14640 (  14.30kB)
    Total RW  Size (RW Data + ZI Data)              3336 (   3.26kB)
    Total ROM Size (Code + RO Data + RW Data)      14696 (  14.35kB)

==============================================================================

